MPLINK 4.20, Linker
Linker Map File - Created Tue Aug 04 18:34:18 2009

                                 Section Info
                  Section       Type    Address   Location Size(Bytes)
                ---------  ---------  ---------  ---------  ---------
               _entry_scn       code   0x000000    program   0x000006
           .code___init.o       code   0x000006    program   0x000002
              high_vector       code   0x000008    program   0x000006
          .code_adcbusy.o       code   0x00000e    program   0x00000a
               low_vector       code   0x000018    program   0x000006
                   .cinit    romdata   0x00001e    program   0x00000e
             .code_usb9.o       code   0x00002c    program   0x00027c
       .code_usbctrltrf.o       code   0x0002a8    program   0x000258
             .code_main.o       code   0x000500    program   0x000200
           .code_usbdrv.o       code   0x000700    program   0x000160
           .code_usbgen.o       code   0x000860    program   0x00010c
        .romdata_usbdsc.o    romdata   0x00096c    program   0x0000c8
               _cinit_scn       code   0x000a34    program   0x00009e
          .code_adcopen.o       code   0x000ad2    program   0x00006e
             D10KTCYXCODE       code   0x000b40    program   0x00002e
         .code_adcsetch.o       code   0x000b6e    program   0x00002e
        .code_interrupt.o       code   0x000b9c    program   0x00002a
             _startup_scn       code   0x000bc6    program   0x00001c
              D10TCYXCODE       code   0x000be2    program   0x000016
          .code_adcread.o       code   0x000bf8    program   0x000012
                    .code       code   0x000c0a    program   0x00000e
          .code_adcconv.o       code   0x000c18    program   0x000004
      .romdata_adcsetch.o    romdata   0x000c1c    program   0x000000
       .romdata_adcconv.o    romdata   0x000c1c    program   0x000000
         .romdata_c018i.o    romdata   0x000c1c    program   0x000000
       .romdata_adcbusy.o    romdata   0x000c1c    program   0x000000
       .romdata_adcopen.o    romdata   0x000c1c    program   0x000000
       .romdata_usbmmap.o    romdata   0x000c1c    program   0x000000
       .idata_usbmmap.o_i    romdata   0x000c1c    program   0x000000
        .idata_usbdsc.o_i    romdata   0x000c1c    program   0x000000
       .romdata_adcread.o    romdata   0x000c1c    program   0x000000
        .idata_usbdrv.o_i    romdata   0x000c1c    program   0x000000
     .romdata_interrupt.o    romdata   0x000c1c    program   0x000000
          .idata_main.o_i    romdata   0x000c1c    program   0x00000e
    .romdata_usbctrltrf.o    romdata   0x000c1c    program   0x000000
    .idata_usbctrltrf.o_i    romdata   0x000c1c    program   0x000000
          .romdata_main.o    romdata   0x000c1c    program   0x000000
          .romdata_usb9.o    romdata   0x000c1c    program   0x000000
          .idata_usb9.o_i    romdata   0x000c1c    program   0x000000
        .romdata___init.o    romdata   0x000c1c    program   0x000000
        .romdata_usbgen.o    romdata   0x000c1c    program   0x000000
        .idata_usbgen.o_i    romdata   0x000c1c    program   0x000000
        .romdata_usbdrv.o    romdata   0x000c1c    program   0x000000
       .idata_adcread.o_i    romdata   0x000c2a    program   0x000000
       .idata_adcopen.o_i    romdata   0x000c2a    program   0x000000
        .idata___init.o_i    romdata   0x000c2a    program   0x000000
      .idata_adcsetch.o_i    romdata   0x000c2a    program   0x000000
       .idata_adcconv.o_i    romdata   0x000c2a    program   0x000000
       .idata_adcbusy.o_i    romdata   0x000c2a    program   0x000000
          .code_usbmmap.o       code   0x000c2a    program   0x000000
     .idata_interrupt.o_i    romdata   0x000c2a    program   0x000000
           .code_usbdsc.o       code   0x000c2a    program   0x000000
            .code_c018i.o       code   0x000c2a    program   0x000000
         .idata_c018i.o_i    romdata   0x000c2a    program   0x000000
    .config_300000_main.o    romdata   0x300000    program   0x000001
    .config_300001_main.o    romdata   0x300001    program   0x000001
    .config_300002_main.o    romdata   0x300002    program   0x000001
    .config_300003_main.o    romdata   0x300003    program   0x000001
    .config_300005_main.o    romdata   0x300005    program   0x000001
    .config_300006_main.o    romdata   0x300006    program   0x000001
                 .tmpdata      udata   0x000000       data   0x000004
                MATH_DATA      udata   0x000004       data   0x000002
                DELAYDAT2      udata   0x000006       data   0x000001
                DELAYDAT1      udata   0x000007       data   0x000001
            .udata_main.o      udata   0x000060       data   0x000080
            .idata_main.o      idata   0x0000e0       data   0x00000e
           .udata_c018i.o      udata   0x0000ee       data   0x00000a
      .udata_usbctrltrf.o      udata   0x0000f8       data   0x000008
         .udata_usbmmap.o      udata   0x000100       data   0x000004
          .udata_usbdrv.o      udata   0x000104       data   0x000002
          .udata_usbgen.o      udata   0x000106       data   0x000001
          .idata___init.o      idata   0x000107       data   0x000000
          .udata___init.o      udata   0x000107       data   0x000000
        .idata_adcsetch.o      idata   0x000107       data   0x000000
        .udata_adcsetch.o      udata   0x000107       data   0x000000
         .idata_adcread.o      idata   0x000107       data   0x000000
         .udata_adcread.o      udata   0x000107       data   0x000000
         .idata_adcopen.o      idata   0x000107       data   0x000000
         .udata_adcopen.o      udata   0x000107       data   0x000000
           .idata_c018i.o      idata   0x000107       data   0x000000
          .udata_usbdsc.o      udata   0x000107       data   0x000000
         .idata_adcconv.o      idata   0x000107       data   0x000000
         .udata_adcconv.o      udata   0x000107       data   0x000000
         .idata_adcbusy.o      idata   0x000107       data   0x000000
         .udata_adcbusy.o      udata   0x000107       data   0x000000
         .idata_usbmmap.o      idata   0x000107       data   0x000000
          .idata_usbdsc.o      idata   0x000107       data   0x000000
       .idata_interrupt.o      idata   0x000107       data   0x000000
       .udata_interrupt.o      udata   0x000107       data   0x000000
      .idata_usbctrltrf.o      idata   0x000107       data   0x000000
            .idata_usb9.o      idata   0x000107       data   0x000000
            .udata_usb9.o      udata   0x000107       data   0x000000
          .idata_usbgen.o      idata   0x000107       data   0x000000
          .idata_usbdrv.o      idata   0x000107       data   0x000000
                   .stack      udata   0x000300       data   0x000100
                  usbram4      udata   0x000400       data   0x0000a8
            SFR_UNBANKED0      udata   0x000f66       data   0x00009a



                              Program Memory Usage 
                               Start         End      
                           ---------   ---------      
                            0x000000    0x000c29      
                            0x300000    0x300003      
                            0x300005    0x300006      
            3120 out of 33048 program addresses used, program memory utilization is 9%



                              Symbols - Sorted by Name
                     Name    Address   Location    Storage File                     
                ---------  ---------  ---------  --------- ---------                
                  ADC_Oku   0x000636    program     extern C:\Documents and Settings\tmcone\Desktop\pic18f2550_usb\StepMotor\usb_ornek\main.c
                  BusyADC   0x00000e    program     extern C:\MCC18\src\pmc_common\ADC\adcbusy.c
               ClearArray   0x000836    program     extern C:\Documents and Settings\tmcone\Desktop\pic18f2550_usb\StepMotor\usb_ornek\usb\usbdrv\usbdrv.c
               ConvertADC   0x000c18    program     extern C:\MCC18\src\pmc_common\ADC\adcconv.c
                   D10K_1   0x000b4c    program     static C:\MCC18\src\traditional\delays\d10ktcyx.asm
                    D10Kl   0x000b58    program     static C:\MCC18\src\traditional\delays\d10ktcyx.asm
                    D10Kx   0x000b4a    program     static C:\MCC18\src\traditional\delays\d10ktcyx.asm
                    D10_1   0x000bf2    program     static C:\MCC18\src\traditional\delays\d10tcyx.asm
                     D10x   0x000bea    program     static C:\MCC18\src\traditional\delays\d10tcyx.asm
             Delay10KTCYx   0x000b40    program     extern C:\MCC18\src\traditional\delays\d10ktcyx.asm
              Delay10TCYx   0x000be2    program     extern C:\MCC18\src\traditional\delays\d10tcyx.asm
         InitializeSystem   0x0005f8    program     static C:\Documents and Settings\tmcone\Desktop\pic18f2550_usb\StepMotor\usb_ornek\main.c
                  OpenADC   0x000ad2    program     extern C:\MCC18\src\pmc_common\ADC\adcopen.c
                  ReadADC   0x000bf8    program     extern C:\MCC18\src\pmc_common\ADC\adcread.c
               SetChanADC   0x000b6e    program     extern C:\MCC18\src\pmc_common\ADC\adcsetch.c
             StepmotorSur   0x000668    program     extern C:\Documents and Settings\tmcone\Desktop\pic18f2550_usb\StepMotor\usb_ornek\main.c
        USBCheckBusStatus   0x000700    program     extern C:\Documents and Settings\tmcone\Desktop\pic18f2550_usb\StepMotor\usb_ornek\usb\usbdrv\usbdrv.c
       USBCheckStdRequest   0x00002c    program     extern C:\Documents and Settings\tmcone\Desktop\pic18f2550_usb\StepMotor\usb_ornek\usb\usb9\usb9.c
         USBCtrlEPService   0x0002a8    program     extern C:\Documents and Settings\tmcone\Desktop\pic18f2550_usb\StepMotor\usb_ornek\usb\usbctrltrf\usbctrltrf.c
 USBCtrlEPServiceComplete   0x00042a    program     extern C:\Documents and Settings\tmcone\Desktop\pic18f2550_usb\StepMotor\usb_ornek\usb\usbctrltrf\usbctrltrf.c
      USBCtrlTrfInHandler   0x00031a    program     extern C:\Documents and Settings\tmcone\Desktop\pic18f2550_usb\StepMotor\usb_ornek\usb\usbctrltrf\usbctrltrf.c
     USBCtrlTrfOutHandler   0x0002fc    program     extern C:\Documents and Settings\tmcone\Desktop\pic18f2550_usb\StepMotor\usb_ornek\usb\usbctrltrf\usbctrltrf.c
      USBCtrlTrfRxService   0x0003d6    program     extern C:\Documents and Settings\tmcone\Desktop\pic18f2550_usb\StepMotor\usb_ornek\usb\usbctrltrf\usbctrltrf.c
   USBCtrlTrfSetupHandler   0x0002de    program     extern C:\Documents and Settings\tmcone\Desktop\pic18f2550_usb\StepMotor\usb_ornek\usb\usbctrltrf\usbctrltrf.c
      USBCtrlTrfTxService   0x000350    program     extern C:\Documents and Settings\tmcone\Desktop\pic18f2550_usb\StepMotor\usb_ornek\usb\usbctrltrf\usbctrltrf.c
         USBDriverService   0x000738    program     extern C:\Documents and Settings\tmcone\Desktop\pic18f2550_usb\StepMotor\usb_ornek\usb\usbdrv\usbdrv.c
          USBErrorHandler   0x0007ee    program     extern C:\Documents and Settings\tmcone\Desktop\pic18f2550_usb\StepMotor\usb_ornek\usb\usbdrv\usbdrv.c
             USBGenInitEP   0x000860    program     extern C:\Documents and Settings\tmcone\Desktop\pic18f2550_usb\StepMotor\usb_ornek\usb\class\generic\usbgen.c
               USBGenRead   0x0008ea    program     extern C:\Documents and Settings\tmcone\Desktop\pic18f2550_usb\StepMotor\usb_ornek\usb\class\generic\usbgen.c
              USBGenWrite   0x00088a    program     extern C:\Documents and Settings\tmcone\Desktop\pic18f2550_usb\StepMotor\usb_ornek\usb\class\generic\usbgen.c
         USBModuleDisable   0x00072a    program     extern C:\Documents and Settings\tmcone\Desktop\pic18f2550_usb\StepMotor\usb_ornek\usb\usbdrv\usbdrv.c
          USBModuleEnable   0x00071c    program     extern C:\Documents and Settings\tmcone\Desktop\pic18f2550_usb\StepMotor\usb_ornek\usb\usbdrv\usbdrv.c
USBPrepareForNextSetupTrf   0x00049c    program     extern C:\Documents and Settings\tmcone\Desktop\pic18f2550_usb\StepMotor\usb_ornek\usb\usbctrltrf\usbctrltrf.c
  USBProtocolResetHandler   0x0007f2    program     extern C:\Documents and Settings\tmcone\Desktop\pic18f2550_usb\StepMotor\usb_ornek\usb\usbdrv\usbdrv.c
          USBRemoteWakeup   0x0007b8    program     extern C:\Documents and Settings\tmcone\Desktop\pic18f2550_usb\StepMotor\usb_ornek\usb\usbdrv\usbdrv.c
            USBSoftDetach   0x000734    program     extern C:\Documents and Settings\tmcone\Desktop\pic18f2550_usb\StepMotor\usb_ornek\usb\usbdrv\usbdrv.c
          USBStallHandler   0x0007e0    program     extern C:\Documents and Settings\tmcone\Desktop\pic18f2550_usb\StepMotor\usb_ornek\usb\usbdrv\usbdrv.c
  USBStdFeatureReqHandler   0x0001d2    program     extern C:\Documents and Settings\tmcone\Desktop\pic18f2550_usb\StepMotor\usb_ornek\usb\usb9\usb9.c
      USBStdGetDscHandler   0x0000ca    program     extern C:\Documents and Settings\tmcone\Desktop\pic18f2550_usb\StepMotor\usb_ornek\usb\usb9\usb9.c
   USBStdGetStatusHandler   0x00016e    program     extern C:\Documents and Settings\tmcone\Desktop\pic18f2550_usb\StepMotor\usb_ornek\usb\usb9\usb9.c
      USBStdSetCfgHandler   0x000138    program     extern C:\Documents and Settings\tmcone\Desktop\pic18f2550_usb\StepMotor\usb_ornek\usb\usb9\usb9.c
               USBSuspend   0x0007a8    program     extern C:\Documents and Settings\tmcone\Desktop\pic18f2550_usb\StepMotor\usb_ornek\usb\usbdrv\usbdrv.c
                 USBTasks   0x000628    program     extern C:\Documents and Settings\tmcone\Desktop\pic18f2550_usb\StepMotor\usb_ornek\main.c
       USBWakeFromSuspend   0x0007b0    program     extern C:\Documents and Settings\tmcone\Desktop\pic18f2550_usb\StepMotor\usb_ornek\usb\usbdrv\usbdrv.c
               USB_CD_Ptr   0x000a2a    program     extern C:\Documents and Settings\tmcone\Desktop\pic18f2550_usb\StepMotor\usb_ornek\usbdsc.c
               USB_SD_Ptr   0x000a2e    program     extern C:\Documents and Settings\tmcone\Desktop\pic18f2550_usb\StepMotor\usb_ornek\usbdsc.c
          USB_SOF_Handler   0x0007dc    program     extern C:\Documents and Settings\tmcone\Desktop\pic18f2550_usb\StepMotor\usb_ornek\usb\usbdrv\usbdrv.c
       _D10KTCYXCODE_0010   0x000b50    program     static C:\MCC18\src\traditional\delays\d10ktcyx.asm
       _D10KTCYXCODE_001C   0x000b5c    program     static C:\MCC18\src\traditional\delays\d10ktcyx.asm
        _D10TCYXCODE_000A   0x000bec    program     static C:\MCC18\src\traditional\delays\d10tcyx.asm
        _D10TCYXCODE_000C   0x000bee    program     static C:\MCC18\src\traditional\delays\d10tcyx.asm
        _D10TCYXCODE_000E   0x000bf0    program     static C:\MCC18\src\traditional\delays\d10tcyx.asm
       ___return_lbl00000   0x00000c    program     static                          
       ___return_lbl00000   0x000004    program     static                          
       ___return_lbl00001   0x00001c    program     static                          
       ___return_lbl00001   0x000be0    program     static                          
       ___return_lbl00002   0x000ad0    program     static                          
       ___return_lbl00037   0x000858    program     static                          
        ___while_lbl00038   0x00084a    program     static                          
        ___while_lbl00039   0x000858    program     static                          
               __config_0   0x300000    program     static C:\Documents and Settings\tmcone\Desktop\pic18f2550_usb\StepMotor\usb_ornek\main.c
               __config_1   0x300001    program     static C:\Documents and Settings\tmcone\Desktop\pic18f2550_usb\StepMotor\usb_ornek\main.c
               __config_2   0x300002    program     static C:\Documents and Settings\tmcone\Desktop\pic18f2550_usb\StepMotor\usb_ornek\main.c
               __config_3   0x300003    program     static C:\Documents and Settings\tmcone\Desktop\pic18f2550_usb\StepMotor\usb_ornek\main.c
               __config_4   0x300005    program     static C:\Documents and Settings\tmcone\Desktop\pic18f2550_usb\StepMotor\usb_ornek\main.c
               __config_5   0x300006    program     static C:\Documents and Settings\tmcone\Desktop\pic18f2550_usb\StepMotor\usb_ornek\main.c
                   __init   0x000006    program     extern C:\MCC18\src\traditional\stdclib\__init.c
                   __pa_0   0x000234    program     static C:\Documents and Settings\tmcone\Desktop\pic18f2550_usb\StepMotor\usb_ornek\usb\usb9\usb9.c
                   __pa_0   0x000bb8    program     static C:\Documents and Settings\tmcone\Desktop\pic18f2550_usb\StepMotor\usb_ornek\usb\interrupt.c
                   __pa_0   0x000954    program     static C:\Documents and Settings\tmcone\Desktop\pic18f2550_usb\StepMotor\usb_ornek\usb\class\generic\usbgen.c
                   __pa_0   0x0004ac    program     static C:\Documents and Settings\tmcone\Desktop\pic18f2550_usb\StepMotor\usb_ornek\usb\usbctrltrf\usbctrltrf.c
                   __pa_0   0x0006da    program     static C:\Documents and Settings\tmcone\Desktop\pic18f2550_usb\StepMotor\usb_ornek\main.c
                   __pa_1   0x00024c    program     static C:\Documents and Settings\tmcone\Desktop\pic18f2550_usb\StepMotor\usb_ornek\usb\usb9\usb9.c
                   __pa_1   0x0006ea    program     static C:\Documents and Settings\tmcone\Desktop\pic18f2550_usb\StepMotor\usb_ornek\main.c
                   __pa_1   0x0004bc    program     static C:\Documents and Settings\tmcone\Desktop\pic18f2550_usb\StepMotor\usb_ornek\usb\usbctrltrf\usbctrltrf.c
                   __pa_2   0x00025e    program     static C:\Documents and Settings\tmcone\Desktop\pic18f2550_usb\StepMotor\usb_ornek\usb\usb9\usb9.c
                   __pa_2   0x0004cc    program     static C:\Documents and Settings\tmcone\Desktop\pic18f2550_usb\StepMotor\usb_ornek\usb\usbctrltrf\usbctrltrf.c
                   __pa_3   0x0004da    program     static C:\Documents and Settings\tmcone\Desktop\pic18f2550_usb\StepMotor\usb_ornek\usb\usbctrltrf\usbctrltrf.c
                   __pa_3   0x000270    program     static C:\Documents and Settings\tmcone\Desktop\pic18f2550_usb\StepMotor\usb_ornek\usb\usb9\usb9.c
                   __pa_4   0x0004e8    program     static C:\Documents and Settings\tmcone\Desktop\pic18f2550_usb\StepMotor\usb_ornek\usb\usbctrltrf\usbctrltrf.c
                   __pa_4   0x000280    program     static C:\Documents and Settings\tmcone\Desktop\pic18f2550_usb\StepMotor\usb_ornek\usb\usb9\usb9.c
                   __pa_5   0x0004f0    program     static C:\Documents and Settings\tmcone\Desktop\pic18f2550_usb\StepMotor\usb_ornek\usb\usbctrltrf\usbctrltrf.c
                   __pa_5   0x00028e    program     static C:\Documents and Settings\tmcone\Desktop\pic18f2550_usb\StepMotor\usb_ornek\usb\usb9\usb9.c
                   __pa_6   0x000298    program     static C:\Documents and Settings\tmcone\Desktop\pic18f2550_usb\StepMotor\usb_ornek\usb\usb9\usb9.c
                   __pa_7   0x0002a0    program     static C:\Documents and Settings\tmcone\Desktop\pic18f2550_usb\StepMotor\usb_ornek\usb\usb9\usb9.c
            __zero_memory   0x000c0a    program     extern C:\MCC18\src\traditional\proc\p18f2550.asm
                _do_cinit   0x000a34    program     extern C:\MCC18\src\traditional\startup\c018i.c
                   _entry   0x000000    program     extern C:\MCC18\src\traditional\startup\c018i.c
                 _startup   0x000bc6    program     extern C:\MCC18\src\traditional\startup\c018i.c
                    cfg01   0x00097e    program     extern C:\Documents and Settings\tmcone\Desktop\pic18f2550_usb\StepMotor\usb_ornek\usbdsc.c
               clear_loop   0x000c10    program     static C:\MCC18\src\traditional\proc\p18f2550.asm
                copy_loop   0x000aa6    program     static                          
            copy_one_byte   0x000aac    program     static                          
               device_dsc   0x00096c    program     extern C:\Documents and Settings\tmcone\Desktop\pic18f2550_usb\StepMotor\usb_ornek\usbdsc.c
                     done   0x000ad0    program     static                          
             done_copying   0x000aba    program     static                          
                 high_isr   0x000b9c    program     extern C:\Documents and Settings\tmcone\Desktop\pic18f2550_usb\StepMotor\usb_ornek\usb\interrupt.c
 interrupt_at_high_vector   0x000008    program     extern C:\Documents and Settings\tmcone\Desktop\pic18f2550_usb\StepMotor\usb_ornek\usb\interrupt.c
  interrupt_at_low_vector   0x000018    program     extern C:\Documents and Settings\tmcone\Desktop\pic18f2550_usb\StepMotor\usb_ornek\usb\interrupt.c
                     loop   0x000bd6    program     static                          
                  low_isr   0x000ba0    program     extern C:\Documents and Settings\tmcone\Desktop\pic18f2550_usb\StepMotor\usb_ornek\usb\interrupt.c
                     main   0x000500    program     extern C:\Documents and Settings\tmcone\Desktop\pic18f2550_usb\StepMotor\usb_ornek\main.c
                    sd000   0x00099e    program     extern C:\Documents and Settings\tmcone\Desktop\pic18f2550_usb\StepMotor\usb_ornek\usbdsc.c
                    sd001   0x0009a2    program     extern C:\Documents and Settings\tmcone\Desktop\pic18f2550_usb\StepMotor\usb_ornek\usbdsc.c
                    sd002   0x0009d8    program     extern C:\Documents and Settings\tmcone\Desktop\pic18f2550_usb\StepMotor\usb_ornek\usbdsc.c
                     test   0x000a4e    program     static                          
                   ADCON0   0x000fc2       data     extern C:\MCC18\src\traditional\proc\p18f2550.asm
               ADCON0bits   0x000fc2       data     extern C:\MCC18\src\traditional\proc\p18f2550.asm
                   ADCON1   0x000fc1       data     extern C:\MCC18\src\traditional\proc\p18f2550.asm
               ADCON1bits   0x000fc1       data     extern C:\MCC18\src\traditional\proc\p18f2550.asm
                   ADCON2   0x000fc0       data     extern C:\MCC18\src\traditional\proc\p18f2550.asm
               ADCON2bits   0x000fc0       data     extern C:\MCC18\src\traditional\proc\p18f2550.asm
               ADC_deger1   0x0000e0       data     static C:\Documents and Settings\tmcone\Desktop\pic18f2550_usb\StepMotor\usb_ornek\main.c
               ADC_deger2   0x0000e2       data     static C:\Documents and Settings\tmcone\Desktop\pic18f2550_usb\StepMotor\usb_ornek\main.c
                    ADRES   0x000fc3       data     extern C:\MCC18\src\traditional\proc\p18f2550.asm
                   ADRESH   0x000fc4       data     extern C:\MCC18\src\traditional\proc\p18f2550.asm
                   ADRESL   0x000fc3       data     extern C:\MCC18\src\traditional\proc\p18f2550.asm
                     Adim   0x0000e4       data     static C:\Documents and Settings\tmcone\Desktop\pic18f2550_usb\StepMotor\usb_ornek\main.c
                  BAUDCON   0x000fb8       data     extern C:\MCC18\src\traditional\proc\p18f2550.asm
              BAUDCONbits   0x000fb8       data     extern C:\MCC18\src\traditional\proc\p18f2550.asm
                      BSR   0x000fe0       data     extern C:\MCC18\src\traditional\proc\p18f2550.asm
                   CCP1AS   0x000fb6       data     extern C:\MCC18\src\traditional\proc\p18f2550.asm
               CCP1ASbits   0x000fb6       data     extern C:\MCC18\src\traditional\proc\p18f2550.asm
                  CCP1CON   0x000fbd       data     extern C:\MCC18\src\traditional\proc\p18f2550.asm
              CCP1CONbits   0x000fbd       data     extern C:\MCC18\src\traditional\proc\p18f2550.asm
                  CCP1DEL   0x000fb7       data     extern C:\MCC18\src\traditional\proc\p18f2550.asm
              CCP1DELbits   0x000fb7       data     extern C:\MCC18\src\traditional\proc\p18f2550.asm
                  CCP2CON   0x000fba       data     extern C:\MCC18\src\traditional\proc\p18f2550.asm
              CCP2CONbits   0x000fba       data     extern C:\MCC18\src\traditional\proc\p18f2550.asm
                    CCPR1   0x000fbe       data     extern C:\MCC18\src\traditional\proc\p18f2550.asm
                   CCPR1H   0x000fbf       data     extern C:\MCC18\src\traditional\proc\p18f2550.asm
                   CCPR1L   0x000fbe       data     extern C:\MCC18\src\traditional\proc\p18f2550.asm
                    CCPR2   0x000fbb       data     extern C:\MCC18\src\traditional\proc\p18f2550.asm
                   CCPR2H   0x000fbc       data     extern C:\MCC18\src\traditional\proc\p18f2550.asm
                   CCPR2L   0x000fbb       data     extern C:\MCC18\src\traditional\proc\p18f2550.asm
                    CMCON   0x000fb4       data     extern C:\MCC18\src\traditional\proc\p18f2550.asm
                CMCONbits   0x000fb4       data     extern C:\MCC18\src\traditional\proc\p18f2550.asm
                   CVRCON   0x000fb5       data     extern C:\MCC18\src\traditional\proc\p18f2550.asm
               CVRCONbits   0x000fb5       data     extern C:\MCC18\src\traditional\proc\p18f2550.asm
              CtrlTrfData   0x000420       data     extern C:\Documents and Settings\tmcone\Desktop\pic18f2550_usb\StepMotor\usb_ornek\usb\usbmmap.c
                     DDRA   0x000f92       data     extern C:\MCC18\src\traditional\proc\p18f2550.asm
                 DDRAbits   0x000f92       data     extern C:\MCC18\src\traditional\proc\p18f2550.asm
                     DDRB   0x000f93       data     extern C:\MCC18\src\traditional\proc\p18f2550.asm
                 DDRBbits   0x000f93       data     extern C:\MCC18\src\traditional\proc\p18f2550.asm
                     DDRC   0x000f94       data     extern C:\MCC18\src\traditional\proc\p18f2550.asm
                 DDRCbits   0x000f94       data     extern C:\MCC18\src\traditional\proc\p18f2550.asm
            DelayCounter1   0x000007       data     extern C:\MCC18\src\traditional\delays\delayd1.asm
            DelayCounter2   0x000006       data     extern C:\MCC18\src\traditional\delays\delayd2.asm
                  ECCP1AS   0x000fb6       data     extern C:\MCC18\src\traditional\proc\p18f2550.asm
              ECCP1ASbits   0x000fb6       data     extern C:\MCC18\src\traditional\proc\p18f2550.asm
                 ECCP1DEL   0x000fb7       data     extern C:\MCC18\src\traditional\proc\p18f2550.asm
             ECCP1DELbits   0x000fb7       data     extern C:\MCC18\src\traditional\proc\p18f2550.asm
                    EEADR   0x000fa9       data     extern C:\MCC18\src\traditional\proc\p18f2550.asm
                   EECON1   0x000fa6       data     extern C:\MCC18\src\traditional\proc\p18f2550.asm
               EECON1bits   0x000fa6       data     extern C:\MCC18\src\traditional\proc\p18f2550.asm
                   EECON2   0x000fa7       data     extern C:\MCC18\src\traditional\proc\p18f2550.asm
                   EEDATA   0x000fa8       data     extern C:\MCC18\src\traditional\proc\p18f2550.asm
                     FSR0   0x000fe9       data     extern C:\MCC18\src\traditional\proc\p18f2550.asm
                    FSR0H   0x000fea       data     extern C:\MCC18\src\traditional\proc\p18f2550.asm
                    FSR0L   0x000fe9       data     extern C:\MCC18\src\traditional\proc\p18f2550.asm
                     FSR1   0x000fe1       data     extern C:\MCC18\src\traditional\proc\p18f2550.asm
                    FSR1H   0x000fe2       data     extern C:\MCC18\src\traditional\proc\p18f2550.asm
                    FSR1L   0x000fe1       data     extern C:\MCC18\src\traditional\proc\p18f2550.asm
                     FSR2   0x000fd9       data     extern C:\MCC18\src\traditional\proc\p18f2550.asm
                    FSR2H   0x000fda       data     extern C:\MCC18\src\traditional\proc\p18f2550.asm
                    FSR2L   0x000fd9       data     extern C:\MCC18\src\traditional\proc\p18f2550.asm
                  HLVDCON   0x000fd2       data     extern C:\MCC18\src\traditional\proc\p18f2550.asm
              HLVDCONbits   0x000fd2       data     extern C:\MCC18\src\traditional\proc\p18f2550.asm
                      Hiz   0x0000e7       data     static C:\Documents and Settings\tmcone\Desktop\pic18f2550_usb\StepMotor\usb_ornek\main.c
                    INDF0   0x000fef       data     extern C:\MCC18\src\traditional\proc\p18f2550.asm
                    INDF1   0x000fe7       data     extern C:\MCC18\src\traditional\proc\p18f2550.asm
                    INDF2   0x000fdf       data     extern C:\MCC18\src\traditional\proc\p18f2550.asm
                   INTCON   0x000ff2       data     extern C:\MCC18\src\traditional\proc\p18f2550.asm
                  INTCON2   0x000ff1       data     extern C:\MCC18\src\traditional\proc\p18f2550.asm
              INTCON2bits   0x000ff1       data     extern C:\MCC18\src\traditional\proc\p18f2550.asm
                  INTCON3   0x000ff0       data     extern C:\MCC18\src\traditional\proc\p18f2550.asm
              INTCON3bits   0x000ff0       data     extern C:\MCC18\src\traditional\proc\p18f2550.asm
               INTCONbits   0x000ff2       data     extern C:\MCC18\src\traditional\proc\p18f2550.asm
                     IPR1   0x000f9f       data     extern C:\MCC18\src\traditional\proc\p18f2550.asm
                 IPR1bits   0x000f9f       data     extern C:\MCC18\src\traditional\proc\p18f2550.asm
                     IPR2   0x000fa2       data     extern C:\MCC18\src\traditional\proc\p18f2550.asm
                 IPR2bits   0x000fa2       data     extern C:\MCC18\src\traditional\proc\p18f2550.asm
                     LATA   0x000f89       data     extern C:\MCC18\src\traditional\proc\p18f2550.asm
                 LATAbits   0x000f89       data     extern C:\MCC18\src\traditional\proc\p18f2550.asm
                     LATB   0x000f8a       data     extern C:\MCC18\src\traditional\proc\p18f2550.asm
                 LATBbits   0x000f8a       data     extern C:\MCC18\src\traditional\proc\p18f2550.asm
                     LATC   0x000f8b       data     extern C:\MCC18\src\traditional\proc\p18f2550.asm
                 LATCbits   0x000f8b       data     extern C:\MCC18\src\traditional\proc\p18f2550.asm
                   LVDCON   0x000fd2       data     extern C:\MCC18\src\traditional\proc\p18f2550.asm
               LVDCONbits   0x000fd2       data     extern C:\MCC18\src\traditional\proc\p18f2550.asm
                    Motor   0x0000e6       data     static C:\Documents and Settings\tmcone\Desktop\pic18f2550_usb\StepMotor\usb_ornek\main.c
                   OSCCON   0x000fd3       data     extern C:\MCC18\src\traditional\proc\p18f2550.asm
               OSCCONbits   0x000fd3       data     extern C:\MCC18\src\traditional\proc\p18f2550.asm
                  OSCTUNE   0x000f9b       data     extern C:\MCC18\src\traditional\proc\p18f2550.asm
              OSCTUNEbits   0x000f9b       data     extern C:\MCC18\src\traditional\proc\p18f2550.asm
                       PC   0x000ff9       data     extern C:\MCC18\src\traditional\proc\p18f2550.asm
                      PCL   0x000ff9       data     extern C:\MCC18\src\traditional\proc\p18f2550.asm
                   PCLATH   0x000ffa       data     extern C:\MCC18\src\traditional\proc\p18f2550.asm
                   PCLATU   0x000ffb       data     extern C:\MCC18\src\traditional\proc\p18f2550.asm
                     PIE1   0x000f9d       data     extern C:\MCC18\src\traditional\proc\p18f2550.asm
                 PIE1bits   0x000f9d       data     extern C:\MCC18\src\traditional\proc\p18f2550.asm
                     PIE2   0x000fa0       data     extern C:\MCC18\src\traditional\proc\p18f2550.asm
                 PIE2bits   0x000fa0       data     extern C:\MCC18\src\traditional\proc\p18f2550.asm
                     PIR1   0x000f9e       data     extern C:\MCC18\src\traditional\proc\p18f2550.asm
                 PIR1bits   0x000f9e       data     extern C:\MCC18\src\traditional\proc\p18f2550.asm
                     PIR2   0x000fa1       data     extern C:\MCC18\src\traditional\proc\p18f2550.asm
                 PIR2bits   0x000fa1       data     extern C:\MCC18\src\traditional\proc\p18f2550.asm
                   PLUSW0   0x000feb       data     extern C:\MCC18\src\traditional\proc\p18f2550.asm
                   PLUSW1   0x000fe3       data     extern C:\MCC18\src\traditional\proc\p18f2550.asm
                   PLUSW2   0x000fdb       data     extern C:\MCC18\src\traditional\proc\p18f2550.asm
                    PORTA   0x000f80       data     extern C:\MCC18\src\traditional\proc\p18f2550.asm
                PORTAbits   0x000f80       data     extern C:\MCC18\src\traditional\proc\p18f2550.asm
                    PORTB   0x000f81       data     extern C:\MCC18\src\traditional\proc\p18f2550.asm
                PORTBbits   0x000f81       data     extern C:\MCC18\src\traditional\proc\p18f2550.asm
                    PORTC   0x000f82       data     extern C:\MCC18\src\traditional\proc\p18f2550.asm
                PORTCbits   0x000f82       data     extern C:\MCC18\src\traditional\proc\p18f2550.asm
                    PORTE   0x000f84       data     extern C:\MCC18\src\traditional\proc\p18f2550.asm
                PORTEbits   0x000f84       data     extern C:\MCC18\src\traditional\proc\p18f2550.asm
                 POSTDEC0   0x000fed       data     extern C:\MCC18\src\traditional\proc\p18f2550.asm
                 POSTDEC1   0x000fe5       data     extern C:\MCC18\src\traditional\proc\p18f2550.asm
                 POSTDEC2   0x000fdd       data     extern C:\MCC18\src\traditional\proc\p18f2550.asm
                 POSTINC0   0x000fee       data     extern C:\MCC18\src\traditional\proc\p18f2550.asm
                 POSTINC1   0x000fe6       data     extern C:\MCC18\src\traditional\proc\p18f2550.asm
                 POSTINC2   0x000fde       data     extern C:\MCC18\src\traditional\proc\p18f2550.asm
                      PR2   0x000fcb       data     extern C:\MCC18\src\traditional\proc\p18f2550.asm
                  PREINC0   0x000fec       data     extern C:\MCC18\src\traditional\proc\p18f2550.asm
                  PREINC1   0x000fe4       data     extern C:\MCC18\src\traditional\proc\p18f2550.asm
                  PREINC2   0x000fdc       data     extern C:\MCC18\src\traditional\proc\p18f2550.asm
                     PROD   0x000ff3       data     extern C:\MCC18\src\traditional\proc\p18f2550.asm
                    PRODH   0x000ff4       data     extern C:\MCC18\src\traditional\proc\p18f2550.asm
                    PRODL   0x000ff3       data     extern C:\MCC18\src\traditional\proc\p18f2550.asm
                     RCON   0x000fd0       data     extern C:\MCC18\src\traditional\proc\p18f2550.asm
                 RCONbits   0x000fd0       data     extern C:\MCC18\src\traditional\proc\p18f2550.asm
                    RCREG   0x000fae       data     extern C:\MCC18\src\traditional\proc\p18f2550.asm
                    RCSTA   0x000fab       data     extern C:\MCC18\src\traditional\proc\p18f2550.asm
                RCSTAbits   0x000fab       data     extern C:\MCC18\src\traditional\proc\p18f2550.asm
                     SIGN   0x000004       data     extern C:\MCC18\src\traditional\math\cmath18.asm
                    SPBRG   0x000faf       data     extern C:\MCC18\src\traditional\proc\p18f2550.asm
                   SPBRGH   0x000fb0       data     extern C:\MCC18\src\traditional\proc\p18f2550.asm
                   SSPADD   0x000fc8       data     extern C:\MCC18\src\traditional\proc\p18f2550.asm
                   SSPBUF   0x000fc9       data     extern C:\MCC18\src\traditional\proc\p18f2550.asm
                  SSPCON1   0x000fc6       data     extern C:\MCC18\src\traditional\proc\p18f2550.asm
              SSPCON1bits   0x000fc6       data     extern C:\MCC18\src\traditional\proc\p18f2550.asm
                  SSPCON2   0x000fc5       data     extern C:\MCC18\src\traditional\proc\p18f2550.asm
              SSPCON2bits   0x000fc5       data     extern C:\MCC18\src\traditional\proc\p18f2550.asm
                  SSPSTAT   0x000fc7       data     extern C:\MCC18\src\traditional\proc\p18f2550.asm
              SSPSTATbits   0x000fc7       data     extern C:\MCC18\src\traditional\proc\p18f2550.asm
                   STATUS   0x000fd8       data     extern C:\MCC18\src\traditional\proc\p18f2550.asm
               STATUSbits   0x000fd8       data     extern C:\MCC18\src\traditional\proc\p18f2550.asm
                   STKPTR   0x000ffc       data     extern C:\MCC18\src\traditional\proc\p18f2550.asm
               STKPTRbits   0x000ffc       data     extern C:\MCC18\src\traditional\proc\p18f2550.asm
                 SetupPkt   0x000418       data     extern C:\Documents and Settings\tmcone\Desktop\pic18f2550_usb\StepMotor\usb_ornek\usb\usbmmap.c
                    T0CON   0x000fd5       data     extern C:\MCC18\src\traditional\proc\p18f2550.asm
                T0CONbits   0x000fd5       data     extern C:\MCC18\src\traditional\proc\p18f2550.asm
                    T1CON   0x000fcd       data     extern C:\MCC18\src\traditional\proc\p18f2550.asm
                T1CONbits   0x000fcd       data     extern C:\MCC18\src\traditional\proc\p18f2550.asm
                    T2CON   0x000fca       data     extern C:\MCC18\src\traditional\proc\p18f2550.asm
                T2CONbits   0x000fca       data     extern C:\MCC18\src\traditional\proc\p18f2550.asm
                    T3CON   0x000fb1       data     extern C:\MCC18\src\traditional\proc\p18f2550.asm
                T3CONbits   0x000fb1       data     extern C:\MCC18\src\traditional\proc\p18f2550.asm
                   TABLAT   0x000ff5       data     extern C:\MCC18\src\traditional\proc\p18f2550.asm
                   TBLPTR   0x000ff6       data     extern C:\MCC18\src\traditional\proc\p18f2550.asm
                  TBLPTRH   0x000ff7       data     extern C:\MCC18\src\traditional\proc\p18f2550.asm
                  TBLPTRL   0x000ff6       data     extern C:\MCC18\src\traditional\proc\p18f2550.asm
                  TBLPTRU   0x000ff8       data     extern C:\MCC18\src\traditional\proc\p18f2550.asm
                    TMR0H   0x000fd7       data     extern C:\MCC18\src\traditional\proc\p18f2550.asm
                    TMR0L   0x000fd6       data     extern C:\MCC18\src\traditional\proc\p18f2550.asm
                    TMR1H   0x000fcf       data     extern C:\MCC18\src\traditional\proc\p18f2550.asm
                    TMR1L   0x000fce       data     extern C:\MCC18\src\traditional\proc\p18f2550.asm
                     TMR2   0x000fcc       data     extern C:\MCC18\src\traditional\proc\p18f2550.asm
                    TMR3H   0x000fb3       data     extern C:\MCC18\src\traditional\proc\p18f2550.asm
                    TMR3L   0x000fb2       data     extern C:\MCC18\src\traditional\proc\p18f2550.asm
                      TOS   0x000ffd       data     extern C:\MCC18\src\traditional\proc\p18f2550.asm
                     TOSH   0x000ffe       data     extern C:\MCC18\src\traditional\proc\p18f2550.asm
                     TOSL   0x000ffd       data     extern C:\MCC18\src\traditional\proc\p18f2550.asm
                     TOSU   0x000fff       data     extern C:\MCC18\src\traditional\proc\p18f2550.asm
                    TRISA   0x000f92       data     extern C:\MCC18\src\traditional\proc\p18f2550.asm
                TRISAbits   0x000f92       data     extern C:\MCC18\src\traditional\proc\p18f2550.asm
                    TRISB   0x000f93       data     extern C:\MCC18\src\traditional\proc\p18f2550.asm
                TRISBbits   0x000f93       data     extern C:\MCC18\src\traditional\proc\p18f2550.asm
                    TRISC   0x000f94       data     extern C:\MCC18\src\traditional\proc\p18f2550.asm
                TRISCbits   0x000f94       data     extern C:\MCC18\src\traditional\proc\p18f2550.asm
                    TXREG   0x000fad       data     extern C:\MCC18\src\traditional\proc\p18f2550.asm
                    TXSTA   0x000fac       data     extern C:\MCC18\src\traditional\proc\p18f2550.asm
                TXSTAbits   0x000fac       data     extern C:\MCC18\src\traditional\proc\p18f2550.asm
                    UADDR   0x000f6e       data     extern C:\MCC18\src\traditional\proc\p18f2550.asm
                UADDRbits   0x000f6e       data     extern C:\MCC18\src\traditional\proc\p18f2550.asm
                     UCFG   0x000f6f       data     extern C:\MCC18\src\traditional\proc\p18f2550.asm
                 UCFGbits   0x000f6f       data     extern C:\MCC18\src\traditional\proc\p18f2550.asm
                     UCON   0x000f6d       data     extern C:\MCC18\src\traditional\proc\p18f2550.asm
                 UCONbits   0x000f6d       data     extern C:\MCC18\src\traditional\proc\p18f2550.asm
                     UEIE   0x000f6b       data     extern C:\MCC18\src\traditional\proc\p18f2550.asm
                 UEIEbits   0x000f6b       data     extern C:\MCC18\src\traditional\proc\p18f2550.asm
                     UEIR   0x000f6a       data     extern C:\MCC18\src\traditional\proc\p18f2550.asm
                 UEIRbits   0x000f6a       data     extern C:\MCC18\src\traditional\proc\p18f2550.asm
                     UEP0   0x000f70       data     extern C:\MCC18\src\traditional\proc\p18f2550.asm
                 UEP0bits   0x000f70       data     extern C:\MCC18\src\traditional\proc\p18f2550.asm
                     UEP1   0x000f71       data     extern C:\MCC18\src\traditional\proc\p18f2550.asm
                    UEP10   0x000f7a       data     extern C:\MCC18\src\traditional\proc\p18f2550.asm
                UEP10bits   0x000f7a       data     extern C:\MCC18\src\traditional\proc\p18f2550.asm
                    UEP11   0x000f7b       data     extern C:\MCC18\src\traditional\proc\p18f2550.asm
                UEP11bits   0x000f7b       data     extern C:\MCC18\src\traditional\proc\p18f2550.asm
                    UEP12   0x000f7c       data     extern C:\MCC18\src\traditional\proc\p18f2550.asm
                UEP12bits   0x000f7c       data     extern C:\MCC18\src\traditional\proc\p18f2550.asm
                    UEP13   0x000f7d       data     extern C:\MCC18\src\traditional\proc\p18f2550.asm
                UEP13bits   0x000f7d       data     extern C:\MCC18\src\traditional\proc\p18f2550.asm
                    UEP14   0x000f7e       data     extern C:\MCC18\src\traditional\proc\p18f2550.asm
                UEP14bits   0x000f7e       data     extern C:\MCC18\src\traditional\proc\p18f2550.asm
                    UEP15   0x000f7f       data     extern C:\MCC18\src\traditional\proc\p18f2550.asm
                UEP15bits   0x000f7f       data     extern C:\MCC18\src\traditional\proc\p18f2550.asm
                 UEP1bits   0x000f71       data     extern C:\MCC18\src\traditional\proc\p18f2550.asm
                     UEP2   0x000f72       data     extern C:\MCC18\src\traditional\proc\p18f2550.asm
                 UEP2bits   0x000f72       data     extern C:\MCC18\src\traditional\proc\p18f2550.asm
                     UEP3   0x000f73       data     extern C:\MCC18\src\traditional\proc\p18f2550.asm
                 UEP3bits   0x000f73       data     extern C:\MCC18\src\traditional\proc\p18f2550.asm
                     UEP4   0x000f74       data     extern C:\MCC18\src\traditional\proc\p18f2550.asm
                 UEP4bits   0x000f74       data     extern C:\MCC18\src\traditional\proc\p18f2550.asm
                     UEP5   0x000f75       data     extern C:\MCC18\src\traditional\proc\p18f2550.asm
                 UEP5bits   0x000f75       data     extern C:\MCC18\src\traditional\proc\p18f2550.asm
                     UEP6   0x000f76       data     extern C:\MCC18\src\traditional\proc\p18f2550.asm
                 UEP6bits   0x000f76       data     extern C:\MCC18\src\traditional\proc\p18f2550.asm
                     UEP7   0x000f77       data     extern C:\MCC18\src\traditional\proc\p18f2550.asm
                 UEP7bits   0x000f77       data     extern C:\MCC18\src\traditional\proc\p18f2550.asm
                     UEP8   0x000f78       data     extern C:\MCC18\src\traditional\proc\p18f2550.asm
                 UEP8bits   0x000f78       data     extern C:\MCC18\src\traditional\proc\p18f2550.asm
                     UEP9   0x000f79       data     extern C:\MCC18\src\traditional\proc\p18f2550.asm
                 UEP9bits   0x000f79       data     extern C:\MCC18\src\traditional\proc\p18f2550.asm
                     UFRM   0x000f66       data     extern C:\MCC18\src\traditional\proc\p18f2550.asm
                    UFRMH   0x000f67       data     extern C:\MCC18\src\traditional\proc\p18f2550.asm
                UFRMHbits   0x000f67       data     extern C:\MCC18\src\traditional\proc\p18f2550.asm
                    UFRML   0x000f66       data     extern C:\MCC18\src\traditional\proc\p18f2550.asm
                UFRMLbits   0x000f66       data     extern C:\MCC18\src\traditional\proc\p18f2550.asm
                      UIE   0x000f69       data     extern C:\MCC18\src\traditional\proc\p18f2550.asm
                  UIEbits   0x000f69       data     extern C:\MCC18\src\traditional\proc\p18f2550.asm
                      UIR   0x000f68       data     extern C:\MCC18\src\traditional\proc\p18f2550.asm
                  UIRbits   0x000f68       data     extern C:\MCC18\src\traditional\proc\p18f2550.asm
                    USTAT   0x000f6c       data     extern C:\MCC18\src\traditional\proc\p18f2550.asm
                USTATbits   0x000f6c       data     extern C:\MCC18\src\traditional\proc\p18f2550.asm
                   WDTCON   0x000fd1       data     extern C:\MCC18\src\traditional\proc\p18f2550.asm
               WDTCONbits   0x000fd1       data     extern C:\MCC18\src\traditional\proc\p18f2550.asm
                     WREG   0x000fe8       data     extern C:\MCC18\src\traditional\proc\p18f2550.asm
                      Yon   0x0000e5       data     static C:\Documents and Settings\tmcone\Desktop\pic18f2550_usb\StepMotor\usb_ornek\main.c
            ZamanAyarlimi   0x0000e8       data     static C:\Documents and Settings\tmcone\Desktop\pic18f2550_usb\StepMotor\usb_ornek\main.c
                __FPFLAGS   0x000005       data     extern C:\MCC18\src\traditional\math\cmath18.asm
            __FPFLAGSbits   0x000005       data     extern C:\MCC18\src\traditional\math\cmath18.asm
                  __tmp_0   0x000000       data     static C:\Documents and Settings\tmcone\Desktop\pic18f2550_usb\StepMotor\usb_ornek\main.c
                  __tmp_0   0x000000       data     static C:\Documents and Settings\tmcone\Desktop\pic18f2550_usb\StepMotor\usb_ornek\usb\class\generic\usbgen.c
                  __tmp_0   0x000000       data     static C:\Documents and Settings\tmcone\Desktop\pic18f2550_usb\StepMotor\usb_ornek\usb\usb9\usb9.c
                  __tmp_0   0x000000       data     static C:\MCC18\src\pmc_common\ADC\adcsetch.c
                  __tmp_0   0x000000       data     static C:\MCC18\src\pmc_common\ADC\adcread.c
                  __tmp_0   0x000000       data     static C:\MCC18\src\pmc_common\ADC\adcopen.c
               adim_durum   0x0000e9       data     static C:\Documents and Settings\tmcone\Desktop\pic18f2550_usb\StepMotor\usb_ornek\main.c
   ctrl_trf_session_owner   0x0000f9       data     extern C:\Documents and Settings\tmcone\Desktop\pic18f2550_usb\StepMotor\usb_ornek\usb\usbctrltrf\usbctrltrf.c
           ctrl_trf_state   0x0000f8       data     extern C:\Documents and Settings\tmcone\Desktop\pic18f2550_usb\StepMotor\usb_ornek\usb\usbctrltrf\usbctrltrf.c
                curr_byte   0x0000f1       data     static C:\MCC18\src\traditional\startup\c018i.c
               curr_entry   0x0000f3       data     static C:\MCC18\src\traditional\startup\c018i.c
                 data_ptr   0x0000f5       data     static C:\MCC18\src\traditional\startup\c018i.c
              delay_count   0x000104       data     static C:\Documents and Settings\tmcone\Desktop\pic18f2550_usb\StepMotor\usb_ornek\usb\usbdrv\usbdrv.c
                 durumlar   0x0000ea       data     extern C:\Documents and Settings\tmcone\Desktop\pic18f2550_usb\StepMotor\usb_ornek\main.c
                    ep0Bi   0x000404       data     extern C:\Documents and Settings\tmcone\Desktop\pic18f2550_usb\StepMotor\usb_ornek\usb\usbmmap.c
                    ep0Bo   0x000400       data     extern C:\Documents and Settings\tmcone\Desktop\pic18f2550_usb\StepMotor\usb_ornek\usb\usbmmap.c
                    ep1Bi   0x00040c       data     extern C:\Documents and Settings\tmcone\Desktop\pic18f2550_usb\StepMotor\usb_ornek\usb\usbmmap.c
                    ep1Bo   0x000408       data     extern C:\Documents and Settings\tmcone\Desktop\pic18f2550_usb\StepMotor\usb_ornek\usb\usbmmap.c
                    ep2Bi   0x000414       data     extern C:\Documents and Settings\tmcone\Desktop\pic18f2550_usb\StepMotor\usb_ornek\usb\usbmmap.c
                    ep2Bo   0x000410       data     extern C:\Documents and Settings\tmcone\Desktop\pic18f2550_usb\StepMotor\usb_ornek\usb\usbmmap.c
              gelen_paket   0x000060       data     extern C:\Documents and Settings\tmcone\Desktop\pic18f2550_usb\StepMotor\usb_ornek\main.c
               gond_paket   0x0000a0       data     extern C:\Documents and Settings\tmcone\Desktop\pic18f2550_usb\StepMotor\usb_ornek\main.c
                     pDst   0x0000fc       data     extern C:\Documents and Settings\tmcone\Desktop\pic18f2550_usb\StepMotor\usb_ornek\usb\usbctrltrf\usbctrltrf.c
                     pSrc   0x0000fa       data     extern C:\Documents and Settings\tmcone\Desktop\pic18f2550_usb\StepMotor\usb_ornek\usb\usbctrltrf\usbctrltrf.c
                     prom   0x0000ee       data     static C:\MCC18\src\traditional\startup\c018i.c
           usb_active_cfg   0x000102       data     extern C:\Documents and Settings\tmcone\Desktop\pic18f2550_usb\StepMotor\usb_ornek\usb\usbmmap.c
             usb_alt_intf   0x000103       data     extern C:\Documents and Settings\tmcone\Desktop\pic18f2550_usb\StepMotor\usb_ornek\usb\usbmmap.c
         usb_device_state   0x000100       data     extern C:\Documents and Settings\tmcone\Desktop\pic18f2550_usb\StepMotor\usb_ornek\usb\usbmmap.c
                 usb_stat   0x000101       data     extern C:\Documents and Settings\tmcone\Desktop\pic18f2550_usb\StepMotor\usb_ornek\usb\usbmmap.c
                usbgen_in   0x000468       data     extern C:\Documents and Settings\tmcone\Desktop\pic18f2550_usb\StepMotor\usb_ornek\usb\usbmmap.c
               usbgen_out   0x000428       data     extern C:\Documents and Settings\tmcone\Desktop\pic18f2550_usb\StepMotor\usb_ornek\usb\usbmmap.c
            usbgen_rx_len   0x000106       data     extern C:\Documents and Settings\tmcone\Desktop\pic18f2550_usb\StepMotor\usb_ornek\usb\class\generic\usbgen.c
                   wCount   0x0000fe       data     extern C:\Documents and Settings\tmcone\Desktop\pic18f2550_usb\StepMotor\usb_ornek\usb\usbctrltrf\usbctrltrf.c



                              Symbols - Sorted by Address
                     Name    Address   Location    Storage File                     
                ---------  ---------  ---------  --------- ---------                
                   _entry   0x000000    program     extern C:\MCC18\src\traditional\startup\c018i.c
       ___return_lbl00000   0x000004    program     static                          
                   __init   0x000006    program     extern C:\MCC18\src\traditional\stdclib\__init.c
 interrupt_at_high_vector   0x000008    program     extern C:\Documents and Settings\tmcone\Desktop\pic18f2550_usb\StepMotor\usb_ornek\usb\interrupt.c
       ___return_lbl00000   0x00000c    program     static                          
                  BusyADC   0x00000e    program     extern C:\MCC18\src\pmc_common\ADC\adcbusy.c
  interrupt_at_low_vector   0x000018    program     extern C:\Documents and Settings\tmcone\Desktop\pic18f2550_usb\StepMotor\usb_ornek\usb\interrupt.c
       ___return_lbl00001   0x00001c    program     static                          
       USBCheckStdRequest   0x00002c    program     extern C:\Documents and Settings\tmcone\Desktop\pic18f2550_usb\StepMotor\usb_ornek\usb\usb9\usb9.c
      USBStdGetDscHandler   0x0000ca    program     extern C:\Documents and Settings\tmcone\Desktop\pic18f2550_usb\StepMotor\usb_ornek\usb\usb9\usb9.c
      USBStdSetCfgHandler   0x000138    program     extern C:\Documents and Settings\tmcone\Desktop\pic18f2550_usb\StepMotor\usb_ornek\usb\usb9\usb9.c
   USBStdGetStatusHandler   0x00016e    program     extern C:\Documents and Settings\tmcone\Desktop\pic18f2550_usb\StepMotor\usb_ornek\usb\usb9\usb9.c
  USBStdFeatureReqHandler   0x0001d2    program     extern C:\Documents and Settings\tmcone\Desktop\pic18f2550_usb\StepMotor\usb_ornek\usb\usb9\usb9.c
                   __pa_0   0x000234    program     static C:\Documents and Settings\tmcone\Desktop\pic18f2550_usb\StepMotor\usb_ornek\usb\usb9\usb9.c
                   __pa_1   0x00024c    program     static C:\Documents and Settings\tmcone\Desktop\pic18f2550_usb\StepMotor\usb_ornek\usb\usb9\usb9.c
                   __pa_2   0x00025e    program     static C:\Documents and Settings\tmcone\Desktop\pic18f2550_usb\StepMotor\usb_ornek\usb\usb9\usb9.c
                   __pa_3   0x000270    program     static C:\Documents and Settings\tmcone\Desktop\pic18f2550_usb\StepMotor\usb_ornek\usb\usb9\usb9.c
                   __pa_4   0x000280    program     static C:\Documents and Settings\tmcone\Desktop\pic18f2550_usb\StepMotor\usb_ornek\usb\usb9\usb9.c
                   __pa_5   0x00028e    program     static C:\Documents and Settings\tmcone\Desktop\pic18f2550_usb\StepMotor\usb_ornek\usb\usb9\usb9.c
                   __pa_6   0x000298    program     static C:\Documents and Settings\tmcone\Desktop\pic18f2550_usb\StepMotor\usb_ornek\usb\usb9\usb9.c
                   __pa_7   0x0002a0    program     static C:\Documents and Settings\tmcone\Desktop\pic18f2550_usb\StepMotor\usb_ornek\usb\usb9\usb9.c
         USBCtrlEPService   0x0002a8    program     extern C:\Documents and Settings\tmcone\Desktop\pic18f2550_usb\StepMotor\usb_ornek\usb\usbctrltrf\usbctrltrf.c
   USBCtrlTrfSetupHandler   0x0002de    program     extern C:\Documents and Settings\tmcone\Desktop\pic18f2550_usb\StepMotor\usb_ornek\usb\usbctrltrf\usbctrltrf.c
     USBCtrlTrfOutHandler   0x0002fc    program     extern C:\Documents and Settings\tmcone\Desktop\pic18f2550_usb\StepMotor\usb_ornek\usb\usbctrltrf\usbctrltrf.c
      USBCtrlTrfInHandler   0x00031a    program     extern C:\Documents and Settings\tmcone\Desktop\pic18f2550_usb\StepMotor\usb_ornek\usb\usbctrltrf\usbctrltrf.c
      USBCtrlTrfTxService   0x000350    program     extern C:\Documents and Settings\tmcone\Desktop\pic18f2550_usb\StepMotor\usb_ornek\usb\usbctrltrf\usbctrltrf.c
      USBCtrlTrfRxService   0x0003d6    program     extern C:\Documents and Settings\tmcone\Desktop\pic18f2550_usb\StepMotor\usb_ornek\usb\usbctrltrf\usbctrltrf.c
 USBCtrlEPServiceComplete   0x00042a    program     extern C:\Documents and Settings\tmcone\Desktop\pic18f2550_usb\StepMotor\usb_ornek\usb\usbctrltrf\usbctrltrf.c
USBPrepareForNextSetupTrf   0x00049c    program     extern C:\Documents and Settings\tmcone\Desktop\pic18f2550_usb\StepMotor\usb_ornek\usb\usbctrltrf\usbctrltrf.c
                   __pa_0   0x0004ac    program     static C:\Documents and Settings\tmcone\Desktop\pic18f2550_usb\StepMotor\usb_ornek\usb\usbctrltrf\usbctrltrf.c
                   __pa_1   0x0004bc    program     static C:\Documents and Settings\tmcone\Desktop\pic18f2550_usb\StepMotor\usb_ornek\usb\usbctrltrf\usbctrltrf.c
                   __pa_2   0x0004cc    program     static C:\Documents and Settings\tmcone\Desktop\pic18f2550_usb\StepMotor\usb_ornek\usb\usbctrltrf\usbctrltrf.c
                   __pa_3   0x0004da    program     static C:\Documents and Settings\tmcone\Desktop\pic18f2550_usb\StepMotor\usb_ornek\usb\usbctrltrf\usbctrltrf.c
                   __pa_4   0x0004e8    program     static C:\Documents and Settings\tmcone\Desktop\pic18f2550_usb\StepMotor\usb_ornek\usb\usbctrltrf\usbctrltrf.c
                   __pa_5   0x0004f0    program     static C:\Documents and Settings\tmcone\Desktop\pic18f2550_usb\StepMotor\usb_ornek\usb\usbctrltrf\usbctrltrf.c
                     main   0x000500    program     extern C:\Documents and Settings\tmcone\Desktop\pic18f2550_usb\StepMotor\usb_ornek\main.c
         InitializeSystem   0x0005f8    program     static C:\Documents and Settings\tmcone\Desktop\pic18f2550_usb\StepMotor\usb_ornek\main.c
                 USBTasks   0x000628    program     extern C:\Documents and Settings\tmcone\Desktop\pic18f2550_usb\StepMotor\usb_ornek\main.c
                  ADC_Oku   0x000636    program     extern C:\Documents and Settings\tmcone\Desktop\pic18f2550_usb\StepMotor\usb_ornek\main.c
             StepmotorSur   0x000668    program     extern C:\Documents and Settings\tmcone\Desktop\pic18f2550_usb\StepMotor\usb_ornek\main.c
                   __pa_0   0x0006da    program     static C:\Documents and Settings\tmcone\Desktop\pic18f2550_usb\StepMotor\usb_ornek\main.c
                   __pa_1   0x0006ea    program     static C:\Documents and Settings\tmcone\Desktop\pic18f2550_usb\StepMotor\usb_ornek\main.c
        USBCheckBusStatus   0x000700    program     extern C:\Documents and Settings\tmcone\Desktop\pic18f2550_usb\StepMotor\usb_ornek\usb\usbdrv\usbdrv.c
          USBModuleEnable   0x00071c    program     extern C:\Documents and Settings\tmcone\Desktop\pic18f2550_usb\StepMotor\usb_ornek\usb\usbdrv\usbdrv.c
         USBModuleDisable   0x00072a    program     extern C:\Documents and Settings\tmcone\Desktop\pic18f2550_usb\StepMotor\usb_ornek\usb\usbdrv\usbdrv.c
            USBSoftDetach   0x000734    program     extern C:\Documents and Settings\tmcone\Desktop\pic18f2550_usb\StepMotor\usb_ornek\usb\usbdrv\usbdrv.c
         USBDriverService   0x000738    program     extern C:\Documents and Settings\tmcone\Desktop\pic18f2550_usb\StepMotor\usb_ornek\usb\usbdrv\usbdrv.c
               USBSuspend   0x0007a8    program     extern C:\Documents and Settings\tmcone\Desktop\pic18f2550_usb\StepMotor\usb_ornek\usb\usbdrv\usbdrv.c
       USBWakeFromSuspend   0x0007b0    program     extern C:\Documents and Settings\tmcone\Desktop\pic18f2550_usb\StepMotor\usb_ornek\usb\usbdrv\usbdrv.c
          USBRemoteWakeup   0x0007b8    program     extern C:\Documents and Settings\tmcone\Desktop\pic18f2550_usb\StepMotor\usb_ornek\usb\usbdrv\usbdrv.c
          USB_SOF_Handler   0x0007dc    program     extern C:\Documents and Settings\tmcone\Desktop\pic18f2550_usb\StepMotor\usb_ornek\usb\usbdrv\usbdrv.c
          USBStallHandler   0x0007e0    program     extern C:\Documents and Settings\tmcone\Desktop\pic18f2550_usb\StepMotor\usb_ornek\usb\usbdrv\usbdrv.c
          USBErrorHandler   0x0007ee    program     extern C:\Documents and Settings\tmcone\Desktop\pic18f2550_usb\StepMotor\usb_ornek\usb\usbdrv\usbdrv.c
  USBProtocolResetHandler   0x0007f2    program     extern C:\Documents and Settings\tmcone\Desktop\pic18f2550_usb\StepMotor\usb_ornek\usb\usbdrv\usbdrv.c
               ClearArray   0x000836    program     extern C:\Documents and Settings\tmcone\Desktop\pic18f2550_usb\StepMotor\usb_ornek\usb\usbdrv\usbdrv.c
        ___while_lbl00038   0x00084a    program     static                          
       ___return_lbl00037   0x000858    program     static                          
        ___while_lbl00039   0x000858    program     static                          
             USBGenInitEP   0x000860    program     extern C:\Documents and Settings\tmcone\Desktop\pic18f2550_usb\StepMotor\usb_ornek\usb\class\generic\usbgen.c
              USBGenWrite   0x00088a    program     extern C:\Documents and Settings\tmcone\Desktop\pic18f2550_usb\StepMotor\usb_ornek\usb\class\generic\usbgen.c
               USBGenRead   0x0008ea    program     extern C:\Documents and Settings\tmcone\Desktop\pic18f2550_usb\StepMotor\usb_ornek\usb\class\generic\usbgen.c
                   __pa_0   0x000954    program     static C:\Documents and Settings\tmcone\Desktop\pic18f2550_usb\StepMotor\usb_ornek\usb\class\generic\usbgen.c
               device_dsc   0x00096c    program     extern C:\Documents and Settings\tmcone\Desktop\pic18f2550_usb\StepMotor\usb_ornek\usbdsc.c
                    cfg01   0x00097e    program     extern C:\Documents and Settings\tmcone\Desktop\pic18f2550_usb\StepMotor\usb_ornek\usbdsc.c
                    sd000   0x00099e    program     extern C:\Documents and Settings\tmcone\Desktop\pic18f2550_usb\StepMotor\usb_ornek\usbdsc.c
                    sd001   0x0009a2    program     extern C:\Documents and Settings\tmcone\Desktop\pic18f2550_usb\StepMotor\usb_ornek\usbdsc.c
                    sd002   0x0009d8    program     extern C:\Documents and Settings\tmcone\Desktop\pic18f2550_usb\StepMotor\usb_ornek\usbdsc.c
               USB_CD_Ptr   0x000a2a    program     extern C:\Documents and Settings\tmcone\Desktop\pic18f2550_usb\StepMotor\usb_ornek\usbdsc.c
               USB_SD_Ptr   0x000a2e    program     extern C:\Documents and Settings\tmcone\Desktop\pic18f2550_usb\StepMotor\usb_ornek\usbdsc.c
                _do_cinit   0x000a34    program     extern C:\MCC18\src\traditional\startup\c018i.c
                     test   0x000a4e    program     static                          
                copy_loop   0x000aa6    program     static                          
            copy_one_byte   0x000aac    program     static                          
             done_copying   0x000aba    program     static                          
                     done   0x000ad0    program     static                          
       ___return_lbl00002   0x000ad0    program     static                          
                  OpenADC   0x000ad2    program     extern C:\MCC18\src\pmc_common\ADC\adcopen.c
             Delay10KTCYx   0x000b40    program     extern C:\MCC18\src\traditional\delays\d10ktcyx.asm
                    D10Kx   0x000b4a    program     static C:\MCC18\src\traditional\delays\d10ktcyx.asm
                   D10K_1   0x000b4c    program     static C:\MCC18\src\traditional\delays\d10ktcyx.asm
       _D10KTCYXCODE_0010   0x000b50    program     static C:\MCC18\src\traditional\delays\d10ktcyx.asm
                    D10Kl   0x000b58    program     static C:\MCC18\src\traditional\delays\d10ktcyx.asm
       _D10KTCYXCODE_001C   0x000b5c    program     static C:\MCC18\src\traditional\delays\d10ktcyx.asm
               SetChanADC   0x000b6e    program     extern C:\MCC18\src\pmc_common\ADC\adcsetch.c
                 high_isr   0x000b9c    program     extern C:\Documents and Settings\tmcone\Desktop\pic18f2550_usb\StepMotor\usb_ornek\usb\interrupt.c
                  low_isr   0x000ba0    program     extern C:\Documents and Settings\tmcone\Desktop\pic18f2550_usb\StepMotor\usb_ornek\usb\interrupt.c
                   __pa_0   0x000bb8    program     static C:\Documents and Settings\tmcone\Desktop\pic18f2550_usb\StepMotor\usb_ornek\usb\interrupt.c
                 _startup   0x000bc6    program     extern C:\MCC18\src\traditional\startup\c018i.c
                     loop   0x000bd6    program     static                          
       ___return_lbl00001   0x000be0    program     static                          
              Delay10TCYx   0x000be2    program     extern C:\MCC18\src\traditional\delays\d10tcyx.asm
                     D10x   0x000bea    program     static C:\MCC18\src\traditional\delays\d10tcyx.asm
        _D10TCYXCODE_000A   0x000bec    program     static C:\MCC18\src\traditional\delays\d10tcyx.asm
        _D10TCYXCODE_000C   0x000bee    program     static C:\MCC18\src\traditional\delays\d10tcyx.asm
        _D10TCYXCODE_000E   0x000bf0    program     static C:\MCC18\src\traditional\delays\d10tcyx.asm
                    D10_1   0x000bf2    program     static C:\MCC18\src\traditional\delays\d10tcyx.asm
                  ReadADC   0x000bf8    program     extern C:\MCC18\src\pmc_common\ADC\adcread.c
            __zero_memory   0x000c0a    program     extern C:\MCC18\src\traditional\proc\p18f2550.asm
               clear_loop   0x000c10    program     static C:\MCC18\src\traditional\proc\p18f2550.asm
               ConvertADC   0x000c18    program     extern C:\MCC18\src\pmc_common\ADC\adcconv.c
               __config_0   0x300000    program     static C:\Documents and Settings\tmcone\Desktop\pic18f2550_usb\StepMotor\usb_ornek\main.c
               __config_1   0x300001    program     static C:\Documents and Settings\tmcone\Desktop\pic18f2550_usb\StepMotor\usb_ornek\main.c
               __config_2   0x300002    program     static C:\Documents and Settings\tmcone\Desktop\pic18f2550_usb\StepMotor\usb_ornek\main.c
               __config_3   0x300003    program     static C:\Documents and Settings\tmcone\Desktop\pic18f2550_usb\StepMotor\usb_ornek\main.c
               __config_4   0x300005    program     static C:\Documents and Settings\tmcone\Desktop\pic18f2550_usb\StepMotor\usb_ornek\main.c
               __config_5   0x300006    program     static C:\Documents and Settings\tmcone\Desktop\pic18f2550_usb\StepMotor\usb_ornek\main.c
                  __tmp_0   0x000000       data     static C:\Documents and Settings\tmcone\Desktop\pic18f2550_usb\StepMotor\usb_ornek\main.c
                  __tmp_0   0x000000       data     static C:\MCC18\src\pmc_common\ADC\adcopen.c
                  __tmp_0   0x000000       data     static C:\MCC18\src\pmc_common\ADC\adcread.c
                  __tmp_0   0x000000       data     static C:\Documents and Settings\tmcone\Desktop\pic18f2550_usb\StepMotor\usb_ornek\usb\class\generic\usbgen.c
                  __tmp_0   0x000000       data     static C:\Documents and Settings\tmcone\Desktop\pic18f2550_usb\StepMotor\usb_ornek\usb\usb9\usb9.c
                  __tmp_0   0x000000       data     static C:\MCC18\src\pmc_common\ADC\adcsetch.c
                     SIGN   0x000004       data     extern C:\MCC18\src\traditional\math\cmath18.asm
                __FPFLAGS   0x000005       data     extern C:\MCC18\src\traditional\math\cmath18.asm
            __FPFLAGSbits   0x000005       data     extern C:\MCC18\src\traditional\math\cmath18.asm
            DelayCounter2   0x000006       data     extern C:\MCC18\src\traditional\delays\delayd2.asm
            DelayCounter1   0x000007       data     extern C:\MCC18\src\traditional\delays\delayd1.asm
              gelen_paket   0x000060       data     extern C:\Documents and Settings\tmcone\Desktop\pic18f2550_usb\StepMotor\usb_ornek\main.c
               gond_paket   0x0000a0       data     extern C:\Documents and Settings\tmcone\Desktop\pic18f2550_usb\StepMotor\usb_ornek\main.c
               ADC_deger1   0x0000e0       data     static C:\Documents and Settings\tmcone\Desktop\pic18f2550_usb\StepMotor\usb_ornek\main.c
               ADC_deger2   0x0000e2       data     static C:\Documents and Settings\tmcone\Desktop\pic18f2550_usb\StepMotor\usb_ornek\main.c
                     Adim   0x0000e4       data     static C:\Documents and Settings\tmcone\Desktop\pic18f2550_usb\StepMotor\usb_ornek\main.c
                      Yon   0x0000e5       data     static C:\Documents and Settings\tmcone\Desktop\pic18f2550_usb\StepMotor\usb_ornek\main.c
                    Motor   0x0000e6       data     static C:\Documents and Settings\tmcone\Desktop\pic18f2550_usb\StepMotor\usb_ornek\main.c
                      Hiz   0x0000e7       data     static C:\Documents and Settings\tmcone\Desktop\pic18f2550_usb\StepMotor\usb_ornek\main.c
            ZamanAyarlimi   0x0000e8       data     static C:\Documents and Settings\tmcone\Desktop\pic18f2550_usb\StepMotor\usb_ornek\main.c
               adim_durum   0x0000e9       data     static C:\Documents and Settings\tmcone\Desktop\pic18f2550_usb\StepMotor\usb_ornek\main.c
                 durumlar   0x0000ea       data     extern C:\Documents and Settings\tmcone\Desktop\pic18f2550_usb\StepMotor\usb_ornek\main.c
                     prom   0x0000ee       data     static C:\MCC18\src\traditional\startup\c018i.c
                curr_byte   0x0000f1       data     static C:\MCC18\src\traditional\startup\c018i.c
               curr_entry   0x0000f3       data     static C:\MCC18\src\traditional\startup\c018i.c
                 data_ptr   0x0000f5       data     static C:\MCC18\src\traditional\startup\c018i.c
           ctrl_trf_state   0x0000f8       data     extern C:\Documents and Settings\tmcone\Desktop\pic18f2550_usb\StepMotor\usb_ornek\usb\usbctrltrf\usbctrltrf.c
   ctrl_trf_session_owner   0x0000f9       data     extern C:\Documents and Settings\tmcone\Desktop\pic18f2550_usb\StepMotor\usb_ornek\usb\usbctrltrf\usbctrltrf.c
                     pSrc   0x0000fa       data     extern C:\Documents and Settings\tmcone\Desktop\pic18f2550_usb\StepMotor\usb_ornek\usb\usbctrltrf\usbctrltrf.c
                     pDst   0x0000fc       data     extern C:\Documents and Settings\tmcone\Desktop\pic18f2550_usb\StepMotor\usb_ornek\usb\usbctrltrf\usbctrltrf.c
                   wCount   0x0000fe       data     extern C:\Documents and Settings\tmcone\Desktop\pic18f2550_usb\StepMotor\usb_ornek\usb\usbctrltrf\usbctrltrf.c
         usb_device_state   0x000100       data     extern C:\Documents and Settings\tmcone\Desktop\pic18f2550_usb\StepMotor\usb_ornek\usb\usbmmap.c
                 usb_stat   0x000101       data     extern C:\Documents and Settings\tmcone\Desktop\pic18f2550_usb\StepMotor\usb_ornek\usb\usbmmap.c
           usb_active_cfg   0x000102       data     extern C:\Documents and Settings\tmcone\Desktop\pic18f2550_usb\StepMotor\usb_ornek\usb\usbmmap.c
             usb_alt_intf   0x000103       data     extern C:\Documents and Settings\tmcone\Desktop\pic18f2550_usb\StepMotor\usb_ornek\usb\usbmmap.c
              delay_count   0x000104       data     static C:\Documents and Settings\tmcone\Desktop\pic18f2550_usb\StepMotor\usb_ornek\usb\usbdrv\usbdrv.c
            usbgen_rx_len   0x000106       data     extern C:\Documents and Settings\tmcone\Desktop\pic18f2550_usb\StepMotor\usb_ornek\usb\class\generic\usbgen.c
                    ep0Bo   0x000400       data     extern C:\Documents and Settings\tmcone\Desktop\pic18f2550_usb\StepMotor\usb_ornek\usb\usbmmap.c
                    ep0Bi   0x000404       data     extern C:\Documents and Settings\tmcone\Desktop\pic18f2550_usb\StepMotor\usb_ornek\usb\usbmmap.c
                    ep1Bo   0x000408       data     extern C:\Documents and Settings\tmcone\Desktop\pic18f2550_usb\StepMotor\usb_ornek\usb\usbmmap.c
                    ep1Bi   0x00040c       data     extern C:\Documents and Settings\tmcone\Desktop\pic18f2550_usb\StepMotor\usb_ornek\usb\usbmmap.c
                    ep2Bo   0x000410       data     extern C:\Documents and Settings\tmcone\Desktop\pic18f2550_usb\StepMotor\usb_ornek\usb\usbmmap.c
                    ep2Bi   0x000414       data     extern C:\Documents and Settings\tmcone\Desktop\pic18f2550_usb\StepMotor\usb_ornek\usb\usbmmap.c
                 SetupPkt   0x000418       data     extern C:\Documents and Settings\tmcone\Desktop\pic18f2550_usb\StepMotor\usb_ornek\usb\usbmmap.c
              CtrlTrfData   0x000420       data     extern C:\Documents and Settings\tmcone\Desktop\pic18f2550_usb\StepMotor\usb_ornek\usb\usbmmap.c
               usbgen_out   0x000428       data     extern C:\Documents and Settings\tmcone\Desktop\pic18f2550_usb\StepMotor\usb_ornek\usb\usbmmap.c
                usbgen_in   0x000468       data     extern C:\Documents and Settings\tmcone\Desktop\pic18f2550_usb\StepMotor\usb_ornek\usb\usbmmap.c
                     UFRM   0x000f66       data     extern C:\MCC18\src\traditional\proc\p18f2550.asm
                    UFRML   0x000f66       data     extern C:\MCC18\src\traditional\proc\p18f2550.asm
                UFRMLbits   0x000f66       data     extern C:\MCC18\src\traditional\proc\p18f2550.asm
                    UFRMH   0x000f67       data     extern C:\MCC18\src\traditional\proc\p18f2550.asm
                UFRMHbits   0x000f67       data     extern C:\MCC18\src\traditional\proc\p18f2550.asm
                      UIR   0x000f68       data     extern C:\MCC18\src\traditional\proc\p18f2550.asm
                  UIRbits   0x000f68       data     extern C:\MCC18\src\traditional\proc\p18f2550.asm
                  UIEbits   0x000f69       data     extern C:\MCC18\src\traditional\proc\p18f2550.asm
                      UIE   0x000f69       data     extern C:\MCC18\src\traditional\proc\p18f2550.asm
                 UEIRbits   0x000f6a       data     extern C:\MCC18\src\traditional\proc\p18f2550.asm
                     UEIR   0x000f6a       data     extern C:\MCC18\src\traditional\proc\p18f2550.asm
                     UEIE   0x000f6b       data     extern C:\MCC18\src\traditional\proc\p18f2550.asm
                 UEIEbits   0x000f6b       data     extern C:\MCC18\src\traditional\proc\p18f2550.asm
                    USTAT   0x000f6c       data     extern C:\MCC18\src\traditional\proc\p18f2550.asm
                USTATbits   0x000f6c       data     extern C:\MCC18\src\traditional\proc\p18f2550.asm
                 UCONbits   0x000f6d       data     extern C:\MCC18\src\traditional\proc\p18f2550.asm
                     UCON   0x000f6d       data     extern C:\MCC18\src\traditional\proc\p18f2550.asm
                UADDRbits   0x000f6e       data     extern C:\MCC18\src\traditional\proc\p18f2550.asm
                    UADDR   0x000f6e       data     extern C:\MCC18\src\traditional\proc\p18f2550.asm
                 UCFGbits   0x000f6f       data     extern C:\MCC18\src\traditional\proc\p18f2550.asm
                     UCFG   0x000f6f       data     extern C:\MCC18\src\traditional\proc\p18f2550.asm
                     UEP0   0x000f70       data     extern C:\MCC18\src\traditional\proc\p18f2550.asm
                 UEP0bits   0x000f70       data     extern C:\MCC18\src\traditional\proc\p18f2550.asm
                     UEP1   0x000f71       data     extern C:\MCC18\src\traditional\proc\p18f2550.asm
                 UEP1bits   0x000f71       data     extern C:\MCC18\src\traditional\proc\p18f2550.asm
                     UEP2   0x000f72       data     extern C:\MCC18\src\traditional\proc\p18f2550.asm
                 UEP2bits   0x000f72       data     extern C:\MCC18\src\traditional\proc\p18f2550.asm
                     UEP3   0x000f73       data     extern C:\MCC18\src\traditional\proc\p18f2550.asm
                 UEP3bits   0x000f73       data     extern C:\MCC18\src\traditional\proc\p18f2550.asm
                     UEP4   0x000f74       data     extern C:\MCC18\src\traditional\proc\p18f2550.asm
                 UEP4bits   0x000f74       data     extern C:\MCC18\src\traditional\proc\p18f2550.asm
                     UEP5   0x000f75       data     extern C:\MCC18\src\traditional\proc\p18f2550.asm
                 UEP5bits   0x000f75       data     extern C:\MCC18\src\traditional\proc\p18f2550.asm
                     UEP6   0x000f76       data     extern C:\MCC18\src\traditional\proc\p18f2550.asm
                 UEP6bits   0x000f76       data     extern C:\MCC18\src\traditional\proc\p18f2550.asm
                     UEP7   0x000f77       data     extern C:\MCC18\src\traditional\proc\p18f2550.asm
                 UEP7bits   0x000f77       data     extern C:\MCC18\src\traditional\proc\p18f2550.asm
                     UEP8   0x000f78       data     extern C:\MCC18\src\traditional\proc\p18f2550.asm
                 UEP8bits   0x000f78       data     extern C:\MCC18\src\traditional\proc\p18f2550.asm
                     UEP9   0x000f79       data     extern C:\MCC18\src\traditional\proc\p18f2550.asm
                 UEP9bits   0x000f79       data     extern C:\MCC18\src\traditional\proc\p18f2550.asm
                UEP10bits   0x000f7a       data     extern C:\MCC18\src\traditional\proc\p18f2550.asm
                    UEP10   0x000f7a       data     extern C:\MCC18\src\traditional\proc\p18f2550.asm
                    UEP11   0x000f7b       data     extern C:\MCC18\src\traditional\proc\p18f2550.asm
                UEP11bits   0x000f7b       data     extern C:\MCC18\src\traditional\proc\p18f2550.asm
                    UEP12   0x000f7c       data     extern C:\MCC18\src\traditional\proc\p18f2550.asm
                UEP12bits   0x000f7c       data     extern C:\MCC18\src\traditional\proc\p18f2550.asm
                UEP13bits   0x000f7d       data     extern C:\MCC18\src\traditional\proc\p18f2550.asm
                    UEP13   0x000f7d       data     extern C:\MCC18\src\traditional\proc\p18f2550.asm
                    UEP14   0x000f7e       data     extern C:\MCC18\src\traditional\proc\p18f2550.asm
                UEP14bits   0x000f7e       data     extern C:\MCC18\src\traditional\proc\p18f2550.asm
                    UEP15   0x000f7f       data     extern C:\MCC18\src\traditional\proc\p18f2550.asm
                UEP15bits   0x000f7f       data     extern C:\MCC18\src\traditional\proc\p18f2550.asm
                PORTAbits   0x000f80       data     extern C:\MCC18\src\traditional\proc\p18f2550.asm
                    PORTA   0x000f80       data     extern C:\MCC18\src\traditional\proc\p18f2550.asm
                PORTBbits   0x000f81       data     extern C:\MCC18\src\traditional\proc\p18f2550.asm
                    PORTB   0x000f81       data     extern C:\MCC18\src\traditional\proc\p18f2550.asm
                    PORTC   0x000f82       data     extern C:\MCC18\src\traditional\proc\p18f2550.asm
                PORTCbits   0x000f82       data     extern C:\MCC18\src\traditional\proc\p18f2550.asm
                    PORTE   0x000f84       data     extern C:\MCC18\src\traditional\proc\p18f2550.asm
                PORTEbits   0x000f84       data     extern C:\MCC18\src\traditional\proc\p18f2550.asm
                     LATA   0x000f89       data     extern C:\MCC18\src\traditional\proc\p18f2550.asm
                 LATAbits   0x000f89       data     extern C:\MCC18\src\traditional\proc\p18f2550.asm
                     LATB   0x000f8a       data     extern C:\MCC18\src\traditional\proc\p18f2550.asm
                 LATBbits   0x000f8a       data     extern C:\MCC18\src\traditional\proc\p18f2550.asm
                 LATCbits   0x000f8b       data     extern C:\MCC18\src\traditional\proc\p18f2550.asm
                     LATC   0x000f8b       data     extern C:\MCC18\src\traditional\proc\p18f2550.asm
                 DDRAbits   0x000f92       data     extern C:\MCC18\src\traditional\proc\p18f2550.asm
                TRISAbits   0x000f92       data     extern C:\MCC18\src\traditional\proc\p18f2550.asm
                    TRISA   0x000f92       data     extern C:\MCC18\src\traditional\proc\p18f2550.asm
                     DDRA   0x000f92       data     extern C:\MCC18\src\traditional\proc\p18f2550.asm
                     DDRB   0x000f93       data     extern C:\MCC18\src\traditional\proc\p18f2550.asm
                 DDRBbits   0x000f93       data     extern C:\MCC18\src\traditional\proc\p18f2550.asm
                    TRISB   0x000f93       data     extern C:\MCC18\src\traditional\proc\p18f2550.asm
                TRISBbits   0x000f93       data     extern C:\MCC18\src\traditional\proc\p18f2550.asm
                    TRISC   0x000f94       data     extern C:\MCC18\src\traditional\proc\p18f2550.asm
                TRISCbits   0x000f94       data     extern C:\MCC18\src\traditional\proc\p18f2550.asm
                 DDRCbits   0x000f94       data     extern C:\MCC18\src\traditional\proc\p18f2550.asm
                     DDRC   0x000f94       data     extern C:\MCC18\src\traditional\proc\p18f2550.asm
                  OSCTUNE   0x000f9b       data     extern C:\MCC18\src\traditional\proc\p18f2550.asm
              OSCTUNEbits   0x000f9b       data     extern C:\MCC18\src\traditional\proc\p18f2550.asm
                     PIE1   0x000f9d       data     extern C:\MCC18\src\traditional\proc\p18f2550.asm
                 PIE1bits   0x000f9d       data     extern C:\MCC18\src\traditional\proc\p18f2550.asm
                 PIR1bits   0x000f9e       data     extern C:\MCC18\src\traditional\proc\p18f2550.asm
                     PIR1   0x000f9e       data     extern C:\MCC18\src\traditional\proc\p18f2550.asm
                 IPR1bits   0x000f9f       data     extern C:\MCC18\src\traditional\proc\p18f2550.asm
                     IPR1   0x000f9f       data     extern C:\MCC18\src\traditional\proc\p18f2550.asm
                 PIE2bits   0x000fa0       data     extern C:\MCC18\src\traditional\proc\p18f2550.asm
                     PIE2   0x000fa0       data     extern C:\MCC18\src\traditional\proc\p18f2550.asm
                     PIR2   0x000fa1       data     extern C:\MCC18\src\traditional\proc\p18f2550.asm
                 PIR2bits   0x000fa1       data     extern C:\MCC18\src\traditional\proc\p18f2550.asm
                 IPR2bits   0x000fa2       data     extern C:\MCC18\src\traditional\proc\p18f2550.asm
                     IPR2   0x000fa2       data     extern C:\MCC18\src\traditional\proc\p18f2550.asm
               EECON1bits   0x000fa6       data     extern C:\MCC18\src\traditional\proc\p18f2550.asm
                   EECON1   0x000fa6       data     extern C:\MCC18\src\traditional\proc\p18f2550.asm
                   EECON2   0x000fa7       data     extern C:\MCC18\src\traditional\proc\p18f2550.asm
                   EEDATA   0x000fa8       data     extern C:\MCC18\src\traditional\proc\p18f2550.asm
                    EEADR   0x000fa9       data     extern C:\MCC18\src\traditional\proc\p18f2550.asm
                RCSTAbits   0x000fab       data     extern C:\MCC18\src\traditional\proc\p18f2550.asm
                    RCSTA   0x000fab       data     extern C:\MCC18\src\traditional\proc\p18f2550.asm
                TXSTAbits   0x000fac       data     extern C:\MCC18\src\traditional\proc\p18f2550.asm
                    TXSTA   0x000fac       data     extern C:\MCC18\src\traditional\proc\p18f2550.asm
                    TXREG   0x000fad       data     extern C:\MCC18\src\traditional\proc\p18f2550.asm
                    RCREG   0x000fae       data     extern C:\MCC18\src\traditional\proc\p18f2550.asm
                    SPBRG   0x000faf       data     extern C:\MCC18\src\traditional\proc\p18f2550.asm
                   SPBRGH   0x000fb0       data     extern C:\MCC18\src\traditional\proc\p18f2550.asm
                    T3CON   0x000fb1       data     extern C:\MCC18\src\traditional\proc\p18f2550.asm
                T3CONbits   0x000fb1       data     extern C:\MCC18\src\traditional\proc\p18f2550.asm
                    TMR3L   0x000fb2       data     extern C:\MCC18\src\traditional\proc\p18f2550.asm
                    TMR3H   0x000fb3       data     extern C:\MCC18\src\traditional\proc\p18f2550.asm
                    CMCON   0x000fb4       data     extern C:\MCC18\src\traditional\proc\p18f2550.asm
                CMCONbits   0x000fb4       data     extern C:\MCC18\src\traditional\proc\p18f2550.asm
               CVRCONbits   0x000fb5       data     extern C:\MCC18\src\traditional\proc\p18f2550.asm
                   CVRCON   0x000fb5       data     extern C:\MCC18\src\traditional\proc\p18f2550.asm
               CCP1ASbits   0x000fb6       data     extern C:\MCC18\src\traditional\proc\p18f2550.asm
                   CCP1AS   0x000fb6       data     extern C:\MCC18\src\traditional\proc\p18f2550.asm
              ECCP1ASbits   0x000fb6       data     extern C:\MCC18\src\traditional\proc\p18f2550.asm
                  ECCP1AS   0x000fb6       data     extern C:\MCC18\src\traditional\proc\p18f2550.asm
                 ECCP1DEL   0x000fb7       data     extern C:\MCC18\src\traditional\proc\p18f2550.asm
             ECCP1DELbits   0x000fb7       data     extern C:\MCC18\src\traditional\proc\p18f2550.asm
                  CCP1DEL   0x000fb7       data     extern C:\MCC18\src\traditional\proc\p18f2550.asm
              CCP1DELbits   0x000fb7       data     extern C:\MCC18\src\traditional\proc\p18f2550.asm
                  BAUDCON   0x000fb8       data     extern C:\MCC18\src\traditional\proc\p18f2550.asm
              BAUDCONbits   0x000fb8       data     extern C:\MCC18\src\traditional\proc\p18f2550.asm
                  CCP2CON   0x000fba       data     extern C:\MCC18\src\traditional\proc\p18f2550.asm
              CCP2CONbits   0x000fba       data     extern C:\MCC18\src\traditional\proc\p18f2550.asm
                    CCPR2   0x000fbb       data     extern C:\MCC18\src\traditional\proc\p18f2550.asm
                   CCPR2L   0x000fbb       data     extern C:\MCC18\src\traditional\proc\p18f2550.asm
                   CCPR2H   0x000fbc       data     extern C:\MCC18\src\traditional\proc\p18f2550.asm
              CCP1CONbits   0x000fbd       data     extern C:\MCC18\src\traditional\proc\p18f2550.asm
                  CCP1CON   0x000fbd       data     extern C:\MCC18\src\traditional\proc\p18f2550.asm
                    CCPR1   0x000fbe       data     extern C:\MCC18\src\traditional\proc\p18f2550.asm
                   CCPR1L   0x000fbe       data     extern C:\MCC18\src\traditional\proc\p18f2550.asm
                   CCPR1H   0x000fbf       data     extern C:\MCC18\src\traditional\proc\p18f2550.asm
               ADCON2bits   0x000fc0       data     extern C:\MCC18\src\traditional\proc\p18f2550.asm
                   ADCON2   0x000fc0       data     extern C:\MCC18\src\traditional\proc\p18f2550.asm
               ADCON1bits   0x000fc1       data     extern C:\MCC18\src\traditional\proc\p18f2550.asm
                   ADCON1   0x000fc1       data     extern C:\MCC18\src\traditional\proc\p18f2550.asm
                   ADCON0   0x000fc2       data     extern C:\MCC18\src\traditional\proc\p18f2550.asm
               ADCON0bits   0x000fc2       data     extern C:\MCC18\src\traditional\proc\p18f2550.asm
                    ADRES   0x000fc3       data     extern C:\MCC18\src\traditional\proc\p18f2550.asm
                   ADRESL   0x000fc3       data     extern C:\MCC18\src\traditional\proc\p18f2550.asm
                   ADRESH   0x000fc4       data     extern C:\MCC18\src\traditional\proc\p18f2550.asm
                  SSPCON2   0x000fc5       data     extern C:\MCC18\src\traditional\proc\p18f2550.asm
              SSPCON2bits   0x000fc5       data     extern C:\MCC18\src\traditional\proc\p18f2550.asm
                  SSPCON1   0x000fc6       data     extern C:\MCC18\src\traditional\proc\p18f2550.asm
              SSPCON1bits   0x000fc6       data     extern C:\MCC18\src\traditional\proc\p18f2550.asm
                  SSPSTAT   0x000fc7       data     extern C:\MCC18\src\traditional\proc\p18f2550.asm
              SSPSTATbits   0x000fc7       data     extern C:\MCC18\src\traditional\proc\p18f2550.asm
                   SSPADD   0x000fc8       data     extern C:\MCC18\src\traditional\proc\p18f2550.asm
                   SSPBUF   0x000fc9       data     extern C:\MCC18\src\traditional\proc\p18f2550.asm
                T2CONbits   0x000fca       data     extern C:\MCC18\src\traditional\proc\p18f2550.asm
                    T2CON   0x000fca       data     extern C:\MCC18\src\traditional\proc\p18f2550.asm
                      PR2   0x000fcb       data     extern C:\MCC18\src\traditional\proc\p18f2550.asm
                     TMR2   0x000fcc       data     extern C:\MCC18\src\traditional\proc\p18f2550.asm
                T1CONbits   0x000fcd       data     extern C:\MCC18\src\traditional\proc\p18f2550.asm
                    T1CON   0x000fcd       data     extern C:\MCC18\src\traditional\proc\p18f2550.asm
                    TMR1L   0x000fce       data     extern C:\MCC18\src\traditional\proc\p18f2550.asm
                    TMR1H   0x000fcf       data     extern C:\MCC18\src\traditional\proc\p18f2550.asm
                     RCON   0x000fd0       data     extern C:\MCC18\src\traditional\proc\p18f2550.asm
                 RCONbits   0x000fd0       data     extern C:\MCC18\src\traditional\proc\p18f2550.asm
                   WDTCON   0x000fd1       data     extern C:\MCC18\src\traditional\proc\p18f2550.asm
               WDTCONbits   0x000fd1       data     extern C:\MCC18\src\traditional\proc\p18f2550.asm
                  HLVDCON   0x000fd2       data     extern C:\MCC18\src\traditional\proc\p18f2550.asm
              HLVDCONbits   0x000fd2       data     extern C:\MCC18\src\traditional\proc\p18f2550.asm
               LVDCONbits   0x000fd2       data     extern C:\MCC18\src\traditional\proc\p18f2550.asm
                   LVDCON   0x000fd2       data     extern C:\MCC18\src\traditional\proc\p18f2550.asm
               OSCCONbits   0x000fd3       data     extern C:\MCC18\src\traditional\proc\p18f2550.asm
                   OSCCON   0x000fd3       data     extern C:\MCC18\src\traditional\proc\p18f2550.asm
                    T0CON   0x000fd5       data     extern C:\MCC18\src\traditional\proc\p18f2550.asm
                T0CONbits   0x000fd5       data     extern C:\MCC18\src\traditional\proc\p18f2550.asm
                    TMR0L   0x000fd6       data     extern C:\MCC18\src\traditional\proc\p18f2550.asm
                    TMR0H   0x000fd7       data     extern C:\MCC18\src\traditional\proc\p18f2550.asm
                   STATUS   0x000fd8       data     extern C:\MCC18\src\traditional\proc\p18f2550.asm
               STATUSbits   0x000fd8       data     extern C:\MCC18\src\traditional\proc\p18f2550.asm
                     FSR2   0x000fd9       data     extern C:\MCC18\src\traditional\proc\p18f2550.asm
                    FSR2L   0x000fd9       data     extern C:\MCC18\src\traditional\proc\p18f2550.asm
                    FSR2H   0x000fda       data     extern C:\MCC18\src\traditional\proc\p18f2550.asm
                   PLUSW2   0x000fdb       data     extern C:\MCC18\src\traditional\proc\p18f2550.asm
                  PREINC2   0x000fdc       data     extern C:\MCC18\src\traditional\proc\p18f2550.asm
                 POSTDEC2   0x000fdd       data     extern C:\MCC18\src\traditional\proc\p18f2550.asm
                 POSTINC2   0x000fde       data     extern C:\MCC18\src\traditional\proc\p18f2550.asm
                    INDF2   0x000fdf       data     extern C:\MCC18\src\traditional\proc\p18f2550.asm
                      BSR   0x000fe0       data     extern C:\MCC18\src\traditional\proc\p18f2550.asm
                     FSR1   0x000fe1       data     extern C:\MCC18\src\traditional\proc\p18f2550.asm
                    FSR1L   0x000fe1       data     extern C:\MCC18\src\traditional\proc\p18f2550.asm
                    FSR1H   0x000fe2       data     extern C:\MCC18\src\traditional\proc\p18f2550.asm
                   PLUSW1   0x000fe3       data     extern C:\MCC18\src\traditional\proc\p18f2550.asm
                  PREINC1   0x000fe4       data     extern C:\MCC18\src\traditional\proc\p18f2550.asm
                 POSTDEC1   0x000fe5       data     extern C:\MCC18\src\traditional\proc\p18f2550.asm
                 POSTINC1   0x000fe6       data     extern C:\MCC18\src\traditional\proc\p18f2550.asm
                    INDF1   0x000fe7       data     extern C:\MCC18\src\traditional\proc\p18f2550.asm
                     WREG   0x000fe8       data     extern C:\MCC18\src\traditional\proc\p18f2550.asm
                     FSR0   0x000fe9       data     extern C:\MCC18\src\traditional\proc\p18f2550.asm
                    FSR0L   0x000fe9       data     extern C:\MCC18\src\traditional\proc\p18f2550.asm
                    FSR0H   0x000fea       data     extern C:\MCC18\src\traditional\proc\p18f2550.asm
                   PLUSW0   0x000feb       data     extern C:\MCC18\src\traditional\proc\p18f2550.asm
                  PREINC0   0x000fec       data     extern C:\MCC18\src\traditional\proc\p18f2550.asm
                 POSTDEC0   0x000fed       data     extern C:\MCC18\src\traditional\proc\p18f2550.asm
                 POSTINC0   0x000fee       data     extern C:\MCC18\src\traditional\proc\p18f2550.asm
                    INDF0   0x000fef       data     extern C:\MCC18\src\traditional\proc\p18f2550.asm
              INTCON3bits   0x000ff0       data     extern C:\MCC18\src\traditional\proc\p18f2550.asm
                  INTCON3   0x000ff0       data     extern C:\MCC18\src\traditional\proc\p18f2550.asm
              INTCON2bits   0x000ff1       data     extern C:\MCC18\src\traditional\proc\p18f2550.asm
                  INTCON2   0x000ff1       data     extern C:\MCC18\src\traditional\proc\p18f2550.asm
               INTCONbits   0x000ff2       data     extern C:\MCC18\src\traditional\proc\p18f2550.asm
                   INTCON   0x000ff2       data     extern C:\MCC18\src\traditional\proc\p18f2550.asm
                    PRODL   0x000ff3       data     extern C:\MCC18\src\traditional\proc\p18f2550.asm
                     PROD   0x000ff3       data     extern C:\MCC18\src\traditional\proc\p18f2550.asm
                    PRODH   0x000ff4       data     extern C:\MCC18\src\traditional\proc\p18f2550.asm
                   TABLAT   0x000ff5       data     extern C:\MCC18\src\traditional\proc\p18f2550.asm
                   TBLPTR   0x000ff6       data     extern C:\MCC18\src\traditional\proc\p18f2550.asm
                  TBLPTRL   0x000ff6       data     extern C:\MCC18\src\traditional\proc\p18f2550.asm
                  TBLPTRH   0x000ff7       data     extern C:\MCC18\src\traditional\proc\p18f2550.asm
                  TBLPTRU   0x000ff8       data     extern C:\MCC18\src\traditional\proc\p18f2550.asm
                      PCL   0x000ff9       data     extern C:\MCC18\src\traditional\proc\p18f2550.asm
                       PC   0x000ff9       data     extern C:\MCC18\src\traditional\proc\p18f2550.asm
                   PCLATH   0x000ffa       data     extern C:\MCC18\src\traditional\proc\p18f2550.asm
                   PCLATU   0x000ffb       data     extern C:\MCC18\src\traditional\proc\p18f2550.asm
                   STKPTR   0x000ffc       data     extern C:\MCC18\src\traditional\proc\p18f2550.asm
               STKPTRbits   0x000ffc       data     extern C:\MCC18\src\traditional\proc\p18f2550.asm
                      TOS   0x000ffd       data     extern C:\MCC18\src\traditional\proc\p18f2550.asm
                     TOSL   0x000ffd       data     extern C:\MCC18\src\traditional\proc\p18f2550.asm
                     TOSH   0x000ffe       data     extern C:\MCC18\src\traditional\proc\p18f2550.asm
                     TOSU   0x000fff       data     extern C:\MCC18\src\traditional\proc\p18f2550.asm


