CCS PCM C Compiler, Version 4.106, 38299               22-Haz-10 14:24

               Filename: E:\ram\microcontrol\picmicro\pic c\pic uygulama\pic16f628a\buton_ile_led\buton_ile_led.lst

               ROM used: 64 words (3%)
                         Largest free fragment is 1984
               RAM used: 7 (3%) at main() level
                         7 (3%) worst case
               Stack:    1 locations

*
0000:  NOP
0001:  MOVLW  00
0002:  MOVWF  0A
0003:  GOTO   019
.................... //iki buton ile portb e baglý ledleri ileri geri yakan program uygulamasý 
.................... //10.02.2007 
.................... //yazan = Remzi ÞAHÝNOÐLU 
.................... #if defined (__PCM__) 
.................... #include <16F628A.h> 
.................... //////// Standard Header file for the PIC16F628A device //////////////// 
.................... #device PIC16F628A 
.................... #list 
....................  
.................... #use delay(clock=4000000) 
0004:  MOVLW  22
0005:  MOVWF  04
0006:  BCF    03.7
0007:  MOVF   00,W
0008:  BTFSC  03.2
0009:  GOTO   018
000A:  MOVLW  01
000B:  MOVWF  78
000C:  CLRF   77
000D:  DECFSZ 77,F
000E:  GOTO   00D
000F:  DECFSZ 78,F
0010:  GOTO   00C
0011:  MOVLW  4A
0012:  MOVWF  77
0013:  DECFSZ 77,F
0014:  GOTO   013
0015:  GOTO   016
0016:  DECFSZ 00,F
0017:  GOTO   00A
0018:  RETURN
.................... #fuses NOWDT,PUT,NOLVP,NOBROWNOUT,MCLR,INTRC_IO,NOPROTECT 
.................... #endif 
....................  
.................... void main() 
.................... { 
0019:  CLRF   04
001A:  BCF    03.7
001B:  MOVLW  1F
001C:  ANDWF  03,F
001D:  MOVLW  07
001E:  MOVWF  1F
001F:  CLRF   21
.................... char i=0; 
.................... tekrar:    
....................    if(input(PIN_A0)==0) 
0020:  BSF    03.5
0021:  BSF    05.0
0022:  BCF    03.5
0023:  BTFSC  05.0
0024:  GOTO   02F
....................    { 
....................       i=i+1; 
0025:  MOVLW  01
0026:  ADDWF  21,F
....................       output_b(i); 
0027:  BSF    03.5
0028:  CLRF   06
0029:  BCF    03.5
002A:  MOVF   21,W
002B:  MOVWF  06
....................       delay_ms(100); 
002C:  MOVLW  64
002D:  MOVWF  22
002E:  CALL   004
....................    } 
....................    if(input(PIN_A1)==0) 
002F:  BSF    03.5
0030:  BSF    05.1
0031:  BCF    03.5
0032:  BTFSC  05.1
0033:  GOTO   03E
....................    { 
....................       i=i-1; 
0034:  MOVLW  01
0035:  SUBWF  21,F
....................       output_b(i); 
0036:  BSF    03.5
0037:  CLRF   06
0038:  BCF    03.5
0039:  MOVF   21,W
003A:  MOVWF  06
....................       delay_ms(100); 
003B:  MOVLW  64
003C:  MOVWF  22
003D:  CALL   004
....................    }   
....................     
....................    goto tekrar; 
003E:  GOTO   020
.................... } 
003F:  GOTO   03F

Configuration Fuses:
   Word  1: 3F18   NOWDT NOPUT NOPROTECT NOBROWNOUT NOMCLR NOLVP INTRC_IO NOCPD
