CCS PCM C Compiler, Version 4.106, 38299               22-Haz-10 16:34

               Filename: E:\ram\microcontrol\picmicro\pic c\pic uygulama\pic16f628a\lcd uygulamalarý\lcd.lst

               ROM used: 258 words (13%)
                         Largest free fragment is 1790
               RAM used: 6 (3%) at main() level
                         16 (7%) worst case
               Stack:    4 locations

*
0000:  MOVLW  00
0001:  MOVWF  0A
0002:  GOTO   0EB
0003:  NOP
.................... //lcd uygulamasý 
.................... //22.06.2010 
.................... //yazan = Remzi ÞAHÝNOÐLU 
....................  
.................... #if defined(__PCM__) 
.................... #include <16F628A.h> 
.................... //////// Standard Header file for the PIC16F628A device //////////////// 
.................... #device PIC16F628A 
.................... #list 
....................  
.................... #use delay(clock=4000000) 
0017:  MOVLW  23
0018:  MOVWF  04
0019:  BCF    03.7
001A:  MOVF   00,W
001B:  BTFSC  03.2
001C:  GOTO   02B
001D:  MOVLW  01
001E:  MOVWF  78
001F:  CLRF   77
0020:  DECFSZ 77,F
0021:  GOTO   020
0022:  DECFSZ 78,F
0023:  GOTO   01F
0024:  MOVLW  4A
0025:  MOVWF  77
0026:  DECFSZ 77,F
0027:  GOTO   026
0028:  GOTO   029
0029:  DECFSZ 00,F
002A:  GOTO   01D
002B:  RETURN
.................... #fuses INTRC_IO,NOWDT,NOPROTECT,NOLVP,NOBROWNOUT 
.................... #define use_portb_lcd TRUE //lcd bilgisi için port b’yi kullanýyoruz 
.................... #include <lcd.c> // lcd için gerekecek fonksiyonlarýn bulunduðu dosya lcd.c 
.................... /////////////////////////////////////////////////////////////////////////////// 
.................... ////                             LCD.C                                     //// 
.................... ////                 Driver for common LCD modules                         //// 
.................... ////                                                                       //// 
.................... ////  lcd_init()   Must be called before any other function.               //// 
.................... ////                                                                       //// 
.................... ////  lcd_putc(c)  Will display c on the next position of the LCD.         //// 
.................... ////                 \a  Set cursor position to upper left                 //// 
.................... ////                 \f  Clear display, set cursor to upper left           //// 
.................... ////                 \n  Go to start of second line                        //// 
.................... ////                 \b  Move back one position                            //// 
.................... ////              If LCD_EXTENDED_NEWLINE is defined, the \n character     //// 
.................... ////              will erase all remanining characters on the current      //// 
.................... ////              line, and move the cursor to the beginning of the next   //// 
.................... ////              line.                                                    //// 
.................... ////              If LCD_EXTENDED_NEWLINE is defined, the \r character     //// 
.................... ////              will move the cursor to the start of the current         //// 
.................... ////              line.                                                    //// 
.................... ////                                                                       //// 
.................... ////  lcd_gotoxy(x,y) Set write position on LCD (upper left is 1,1)        //// 
.................... ////                                                                       //// 
.................... ////  lcd_getc(x,y)   Returns character at position x,y on LCD             //// 
.................... ////                                                                       //// 
.................... ////  CONFIGURATION                                                        //// 
.................... ////  The LCD can be configured in one of two ways: a.) port access or     //// 
.................... ////  b.) pin access.  Port access requires the entire 7 bit interface     //// 
.................... ////  connected to one GPIO port, and the data bits (D4:D7 of the LCD)     //// 
.................... ////  connected to sequential pins on the GPIO.  Pin access                //// 
.................... ////  has no requirements, all 7 bits of the control interface can         //// 
.................... ////  can be connected to any GPIO using several ports.                    //// 
.................... ////                                                                       //// 
.................... ////  To use port access, #define LCD_DATA_PORT to the SFR location of     //// 
.................... ////  of the GPIO port that holds the interface, -AND- edit LCD_PIN_MAP    //// 
.................... ////  of this file to configure the pin order.  If you are using a         //// 
.................... ////  baseline PIC (PCB), then LCD_OUTPUT_MAP and LCD_INPUT_MAP also must  //// 
.................... ////  be defined.                                                          //// 
.................... ////                                                                       //// 
.................... ////  Example of port access:                                              //// 
.................... ////     #define LCD_DATA_PORT getenv("SFR:PORTD")                         //// 
.................... ////                                                                       //// 
.................... ////  To use pin access, the following pins must be defined:               //// 
.................... ////     LCD_ENABLE_PIN                                                    //// 
.................... ////     LCD_RS_PIN                                                        //// 
.................... ////     LCD_RW_PIN                                                        //// 
.................... ////     LCD_DATA4                                                         //// 
.................... ////     LCD_DATA5                                                         //// 
.................... ////     LCD_DATA6                                                         //// 
.................... ////     LCD_DATA7                                                         //// 
.................... ////                                                                       //// 
.................... ////  Example of pin access:                                               //// 
.................... ////     #define LCD_ENABLE_PIN  PIN_E0                                    //// 
.................... ////     #define LCD_RS_PIN      PIN_E1                                    //// 
.................... ////     #define LCD_RW_PIN      PIN_E2                                    //// 
.................... ////     #define LCD_DATA4       PIN_D4                                    //// 
.................... ////     #define LCD_DATA5       PIN_D5                                    //// 
.................... ////     #define LCD_DATA6       PIN_D6                                    //// 
.................... ////     #define LCD_DATA7       PIN_D7                                    //// 
.................... ////                                                                       //// 
.................... /////////////////////////////////////////////////////////////////////////////// 
.................... ////        (C) Copyright 1996,2010 Custom Computer Services           //// 
.................... //// This source code may only be used by licensed users of the CCS C  //// 
.................... //// compiler.  This source code may only be distributed to other      //// 
.................... //// licensed users of the CCS C compiler.  No other use, reproduction //// 
.................... //// or distribution is permitted without written permission.          //// 
.................... //// Derivative programs created using this software in object code    //// 
.................... //// form are not restricted in any way.                               //// 
.................... /////////////////////////////////////////////////////////////////////////// 
....................  
.................... // define the pinout. 
.................... // only required if port access is being used. 
.................... typedef struct   
.................... {                            // This structure is overlayed 
....................    BOOLEAN enable;           // on to an I/O port to gain 
....................    BOOLEAN rs;               // access to the LCD pins. 
....................    BOOLEAN rw;               // The bits are allocated from 
....................    BOOLEAN unused;           // low order up.  ENABLE will 
....................    int     data : 4;         // be LSB pin of that port. 
....................   #if defined(__PCD__)       // The port used will be LCD_DATA_PORT. 
....................    int    reserved: 8; 
....................   #endif 
.................... } LCD_PIN_MAP; 
....................  
.................... // this is to improve compatability with previous LCD drivers that accepted 
.................... // a define labeled 'use_portb_lcd' that configured the LCD onto port B. 
.................... #if ((defined(use_portb_lcd)) && (use_portb_lcd==TRUE)) 
....................  #define LCD_DATA_PORT getenv("SFR:PORTB") 
.................... #endif 
....................  
.................... #if defined(__PCB__) 
....................    // these definitions only need to be modified for baseline PICs. 
....................    // all other PICs use LCD_PIN_MAP or individual LCD_xxx pin definitions. 
.................... /*                                    EN, RS,   RW,   UNUSED,  DATA  */ 
....................  const LCD_PIN_MAP LCD_OUTPUT_MAP =  {0,  0,    0,    0,       0}; 
....................  const LCD_PIN_MAP LCD_INPUT_MAP =   {0,  0,    0,    0,       0xF}; 
.................... #endif 
....................  
.................... ////////////////////// END CONFIGURATION /////////////////////////////////// 
....................  
.................... #ifndef LCD_ENABLE_PIN 
....................    #define lcd_output_enable(x) lcdlat.enable=x 
....................    #define lcd_enable_tris()   lcdtris.enable=0 
.................... #else 
....................    #define lcd_output_enable(x) output_bit(LCD_ENABLE_PIN, x) 
....................    #define lcd_enable_tris()  output_drive(LCD_ENABLE_PIN) 
.................... #endif 
....................  
.................... #ifndef LCD_RS_PIN 
....................    #define lcd_output_rs(x) lcdlat.rs=x 
....................    #define lcd_rs_tris()   lcdtris.rs=0 
.................... #else 
....................    #define lcd_output_rs(x) output_bit(LCD_RS_PIN, x) 
....................    #define lcd_rs_tris()  output_drive(LCD_RS_PIN) 
.................... #endif 
....................  
.................... #ifndef LCD_RW_PIN 
....................    #define lcd_output_rw(x) lcdlat.rw=x 
....................    #define lcd_rw_tris()   lcdtris.rw=0 
.................... #else 
....................    #define lcd_output_rw(x) output_bit(LCD_RW_PIN, x) 
....................    #define lcd_rw_tris()  output_drive(LCD_RW_PIN) 
.................... #endif 
....................  
.................... // original version of this library incorrectly labeled LCD_DATA0 as LCD_DATA4, 
.................... // LCD_DATA1 as LCD_DATA5, and so on.  this block of code makes the driver 
.................... // compatible with any code written for the original library 
.................... #if (defined(LCD_DATA0) && defined(LCD_DATA1) && defined(LCD_DATA2) && defined(LCD_DATA3) && !defined(LCD_DATA4) && !defined(LCD_DATA5) && !defined(LCD_DATA6) && !defined(LCD_DATA7)) 
....................    #define  LCD_DATA4    LCD_DATA0 
....................    #define  LCD_DATA5    LCD_DATA1 
....................    #define  LCD_DATA6    LCD_DATA2 
....................    #define  LCD_DATA7    LCD_DATA3 
.................... #endif 
....................  
.................... #ifndef LCD_DATA4 
.................... #ifndef LCD_DATA_PORT 
....................    #if defined(__PCB__) 
....................       #define LCD_DATA_PORT      0x06     //portb 
....................       #define set_tris_lcd(x)   set_tris_b(x) 
....................    #else 
....................      #if defined(PIN_D0) 
....................       #define LCD_DATA_PORT      getenv("SFR:PORTD")     //portd 
....................      #else 
....................       #define LCD_DATA_PORT      getenv("SFR:PORTB")     //portb 
....................      #endif 
....................    #endif    
.................... #endif 
....................  
.................... #if defined(__PCB__) 
....................    LCD_PIN_MAP lcd, lcdlat; 
....................    #byte lcd = LCD_DATA_PORT 
....................    #byte lcdlat = LCD_DATA_PORT 
.................... #elif defined(__PCM__) 
....................    LCD_PIN_MAP lcd, lcdlat, lcdtris; 
....................    #byte lcd = LCD_DATA_PORT 
....................    #byte lcdlat = LCD_DATA_PORT 
....................    #byte lcdtris = LCD_DATA_PORT+0x80 
.................... #elif defined(__PCH__) 
....................    LCD_PIN_MAP lcd, lcdlat, lcdtris; 
....................    #byte lcd = LCD_DATA_PORT 
....................    #byte lcdlat = LCD_DATA_PORT+9 
....................    #byte lcdtris = LCD_DATA_PORT+0x12 
.................... #elif defined(__PCD__) 
....................    LCD_PIN_MAP lcd, lcdlat, lcdtris; 
....................    #word lcd = LCD_DATA_PORT 
....................    #word lcdlat = LCD_DATA_PORT+2 
....................    #word lcdtris = LCD_DATA_PORT-0x02 
.................... #endif 
.................... #endif   //LCD_DATA4 not defined 
....................  
.................... #ifndef LCD_TYPE 
....................    #define LCD_TYPE 2           // 0=5x7, 1=5x10, 2=2 lines 
.................... #endif 
....................  
.................... #ifndef LCD_LINE_TWO 
....................    #define LCD_LINE_TWO 0x40    // LCD RAM address for the second line 
.................... #endif 
....................  
.................... #ifndef LCD_LINE_LENGTH 
....................    #define LCD_LINE_LENGTH 20 
.................... #endif 
....................  
.................... BYTE const LCD_INIT_STRING[4] = {0x20 | (LCD_TYPE << 2), 0xc, 1, 6}; 
....................                              // These bytes need to be sent to the LCD 
....................                              // to start it up. 
....................  
.................... BYTE lcd_read_nibble(void); 
....................  
.................... BYTE lcd_read_byte(void) 
.................... { 
....................    BYTE low,high; 
....................  
....................  #if defined(__PCB__) 
....................    set_tris_lcd(LCD_INPUT_MAP); 
....................  #else 
....................   #if (defined(LCD_DATA4) && defined(LCD_DATA5) && defined(LCD_DATA6) && defined(LCD_DATA7)) 
....................    output_float(LCD_DATA4); 
....................    output_float(LCD_DATA5); 
....................    output_float(LCD_DATA6); 
....................    output_float(LCD_DATA7); 
....................   #else 
....................    lcdtris.data = 0xF; 
*
0044:  MOVLW  0F
0045:  BSF    03.5
0046:  ANDWF  06,W
0047:  IORLW  F0
0048:  MOVWF  06
....................   #endif 
....................  #endif 
....................          
....................    lcd_output_rw(1); 
0049:  BCF    03.5
004A:  BSF    06.2
....................    delay_cycles(1); 
004B:  NOP
....................    lcd_output_enable(1); 
004C:  BSF    06.0
....................    delay_cycles(1); 
004D:  NOP
....................    high = lcd_read_nibble(); 
004E:  CALL   038
004F:  MOVF   78,W
0050:  MOVWF  2A
....................        
....................    lcd_output_enable(0); 
0051:  BCF    06.0
....................    delay_cycles(1); 
0052:  NOP
....................    lcd_output_enable(1); 
0053:  BSF    06.0
....................    delay_us(1); 
0054:  NOP
....................    low = lcd_read_nibble(); 
0055:  CALL   038
0056:  MOVF   78,W
0057:  MOVWF  29
....................        
....................    lcd_output_enable(0); 
0058:  BCF    06.0
....................  
....................  #if defined(__PCB__) 
....................    set_tris_lcd(LCD_OUTPUT_MAP); 
....................  #else 
....................   #if (defined(LCD_DATA4) && defined(LCD_DATA5) && defined(LCD_DATA6) && defined(LCD_DATA7)) 
....................    output_drive(LCD_DATA4); 
....................    output_drive(LCD_DATA5); 
....................    output_drive(LCD_DATA6); 
....................    output_drive(LCD_DATA7); 
....................   #else 
....................    lcdtris.data = 0x0; 
0059:  MOVLW  0F
005A:  BSF    03.5
005B:  ANDWF  06,W
005C:  MOVWF  06
....................   #endif 
....................  #endif 
....................  
....................    return( (high<<4) | low); 
005D:  BCF    03.5
005E:  SWAPF  2A,W
005F:  MOVWF  77
0060:  MOVLW  F0
0061:  ANDWF  77,F
0062:  MOVF   77,W
0063:  IORWF  29,W
0064:  MOVWF  78
.................... } 
....................  
.................... BYTE lcd_read_nibble(void) 
.................... { 
....................   #if (defined(LCD_DATA4) && defined(LCD_DATA5) && defined(LCD_DATA6) && defined(LCD_DATA7)) 
....................    BYTE n = 0x00; 
....................  
....................    /* Read the data port */ 
....................    n |= input(LCD_DATA4); 
....................    n |= input(LCD_DATA5) << 1; 
....................    n |= input(LCD_DATA6) << 2; 
....................    n |= input(LCD_DATA7) << 3; 
....................     
....................    return(n); 
....................   #else 
....................    return(lcd.data); 
*
0038:  MOVF   06,W
0039:  MOVWF  77
003A:  SWAPF  06,W
003B:  ANDLW  0F
003C:  MOVWF  78
....................   #endif 
.................... } 
003D:  RETURN
....................  
.................... void lcd_send_nibble(BYTE n) 
.................... { 
....................   #if (defined(LCD_DATA4) && defined(LCD_DATA5) && defined(LCD_DATA6) && defined(LCD_DATA7)) 
....................    /* Write to the data port */ 
....................    output_bit(LCD_DATA4, bit_test(n, 0)); 
....................    output_bit(LCD_DATA5, bit_test(n, 1)); 
....................    output_bit(LCD_DATA6, bit_test(n, 2)); 
....................    output_bit(LCD_DATA7, bit_test(n, 3)); 
....................   #else       
....................    lcdlat.data = n; 
*
002C:  SWAPF  2A,W
002D:  ANDLW  F0
002E:  MOVWF  77
002F:  MOVLW  0F
0030:  ANDWF  06,W
0031:  IORWF  77,W
0032:  MOVWF  06
....................   #endif 
....................        
....................    delay_cycles(1); 
0033:  NOP
....................    lcd_output_enable(1); 
0034:  BSF    06.0
....................    delay_us(2); 
0035:  GOTO   036
....................    lcd_output_enable(0); 
0036:  BCF    06.0
.................... } 
0037:  RETURN
....................  
.................... void lcd_send_byte(BYTE address, BYTE n) 
.................... { 
....................   #if defined(__PCB__) 
....................    set_tris_lcd(LCD_OUTPUT_MAP); 
....................   #else 
....................    lcd_enable_tris(); 
*
003E:  BSF    03.5
003F:  BCF    06.0
....................    lcd_rs_tris(); 
0040:  BCF    06.1
....................    lcd_rw_tris(); 
0041:  BCF    06.2
....................   #endif 
....................  
....................    lcd_output_rs(0); 
0042:  BCF    03.5
0043:  BCF    06.1
....................    while ( bit_test(lcd_read_byte(),7) ) ; 
*
0065:  MOVF   78,W
0066:  MOVWF  29
0067:  BTFSC  29.7
0068:  GOTO   044
....................    lcd_output_rs(address); 
0069:  BTFSS  27.0
006A:  BCF    06.1
006B:  BTFSC  27.0
006C:  BSF    06.1
....................    delay_cycles(1); 
006D:  NOP
....................    lcd_output_rw(0); 
006E:  BCF    06.2
....................    delay_cycles(1); 
006F:  NOP
....................    lcd_output_enable(0); 
0070:  BCF    06.0
....................    lcd_send_nibble(n >> 4); 
0071:  SWAPF  28,W
0072:  MOVWF  29
0073:  MOVLW  0F
0074:  ANDWF  29,F
0075:  MOVF   29,W
0076:  MOVWF  2A
0077:  CALL   02C
....................    lcd_send_nibble(n & 0xf); 
0078:  MOVF   28,W
0079:  ANDLW  0F
007A:  MOVWF  29
007B:  MOVWF  2A
007C:  CALL   02C
.................... } 
007D:  RETURN
....................  
.................... #if defined(LCD_EXTENDED_NEWLINE) 
.................... unsigned int8 g_LcdX, g_LcdY; 
.................... #endif 
....................  
.................... void lcd_init(void)  
.................... { 
....................    BYTE i; 
....................  
....................  #if defined(__PCB__) 
....................    set_tris_lcd(LCD_OUTPUT_MAP); 
....................  #else 
....................   #if (defined(LCD_DATA4) && defined(LCD_DATA5) && defined(LCD_DATA6) && defined(LCD_DATA7)) 
....................    output_drive(LCD_DATA4); 
....................    output_drive(LCD_DATA5); 
....................    output_drive(LCD_DATA6); 
....................    output_drive(LCD_DATA7); 
....................   #else 
....................    lcdtris.data = 0x0; 
007E:  MOVLW  0F
007F:  BSF    03.5
0080:  ANDWF  06,W
0081:  MOVWF  06
....................   #endif 
....................    lcd_enable_tris(); 
0082:  BCF    06.0
....................    lcd_rs_tris(); 
0083:  BCF    06.1
....................    lcd_rw_tris(); 
0084:  BCF    06.2
....................  #endif 
....................  
....................    lcd_output_rs(0); 
0085:  BCF    03.5
0086:  BCF    06.1
....................    lcd_output_rw(0); 
0087:  BCF    06.2
....................    lcd_output_enable(0); 
0088:  BCF    06.0
....................      
....................    delay_ms(15); 
0089:  MOVLW  0F
008A:  MOVWF  23
008B:  CALL   017
....................    for(i=1;i<=3;++i) 
008C:  MOVLW  01
008D:  MOVWF  21
008E:  MOVF   21,W
008F:  SUBLW  03
0090:  BTFSS  03.0
0091:  GOTO   09A
....................    { 
....................        lcd_send_nibble(3); 
0092:  MOVLW  03
0093:  MOVWF  2A
0094:  CALL   02C
....................        delay_ms(5); 
0095:  MOVLW  05
0096:  MOVWF  23
0097:  CALL   017
....................    } 
0098:  INCF   21,F
0099:  GOTO   08E
....................     
....................    lcd_send_nibble(2); 
009A:  MOVLW  02
009B:  MOVWF  2A
009C:  CALL   02C
....................    for(i=0;i<=3;++i) 
009D:  CLRF   21
009E:  MOVF   21,W
009F:  SUBLW  03
00A0:  BTFSS  03.0
00A1:  GOTO   0AB
....................       lcd_send_byte(0,LCD_INIT_STRING[i]); 
00A2:  MOVF   21,W
00A3:  CALL   004
00A4:  MOVWF  22
00A5:  CLRF   27
00A6:  MOVF   22,W
00A7:  MOVWF  28
00A8:  CALL   03E
....................  
....................   #if defined(LCD_EXTENDED_NEWLINE) 
00A9:  INCF   21,F
00AA:  GOTO   09E
....................    g_LcdX = 0; 
....................    g_LcdY = 0; 
....................   #endif 
.................... } 
00AB:  GOTO   0F2 (RETURN)
....................  
.................... void lcd_gotoxy(BYTE x, BYTE y) 
.................... { 
....................    BYTE address; 
....................     
....................    if(y!=1) 
00AC:  DECFSZ 24,W
00AD:  GOTO   0AF
00AE:  GOTO   0B2
....................       address=LCD_LINE_TWO; 
00AF:  MOVLW  40
00B0:  MOVWF  25
....................    else 
00B1:  GOTO   0B3
....................       address=0; 
00B2:  CLRF   25
....................       
....................    address+=x-1; 
00B3:  MOVLW  01
00B4:  SUBWF  23,W
00B5:  ADDWF  25,F
....................    lcd_send_byte(0,0x80|address); 
00B6:  MOVF   25,W
00B7:  IORLW  80
00B8:  MOVWF  26
00B9:  CLRF   27
00BA:  MOVF   26,W
00BB:  MOVWF  28
00BC:  CALL   03E
....................  
....................   #if defined(LCD_EXTENDED_NEWLINE) 
....................    g_LcdX = x - 1; 
....................    g_LcdY = y - 1; 
....................   #endif 
.................... } 
00BD:  RETURN
....................  
.................... void lcd_putc(char c) 
.................... { 
....................    switch (c) 
....................    { 
00BE:  MOVF   22,W
00BF:  XORLW  07
00C0:  BTFSC  03.2
00C1:  GOTO   0CC
00C2:  XORLW  0B
00C3:  BTFSC  03.2
00C4:  GOTO   0D1
00C5:  XORLW  06
00C6:  BTFSC  03.2
00C7:  GOTO   0D9
00C8:  XORLW  02
00C9:  BTFSC  03.2
00CA:  GOTO   0DF
00CB:  GOTO   0E4
....................       case '\a'   :  lcd_gotoxy(1,1);     break; 
00CC:  MOVLW  01
00CD:  MOVWF  23
00CE:  MOVWF  24
00CF:  CALL   0AC
00D0:  GOTO   0EA
....................  
....................       case '\f'   :  lcd_send_byte(0,1); 
00D1:  CLRF   27
00D2:  MOVLW  01
00D3:  MOVWF  28
00D4:  CALL   03E
....................                      delay_ms(2); 
00D5:  MOVLW  02
00D6:  MOVWF  23
00D7:  CALL   017
....................                     #if defined(LCD_EXTENDED_NEWLINE) 
....................                      g_LcdX = 0; 
....................                      g_LcdY = 0; 
....................                     #endif 
....................                      break; 
00D8:  GOTO   0EA
....................  
....................      #if defined(LCD_EXTENDED_NEWLINE) 
....................       case '\r'   :  lcd_gotoxy(1, g_LcdY+1);   break; 
....................       case '\n'   : 
....................          while (g_LcdX++ < LCD_LINE_LENGTH) 
....................          { 
....................             lcd_send_byte(1, ' '); 
....................          } 
....................          lcd_gotoxy(1, g_LcdY+2); 
....................          break; 
....................      #else 
....................       case '\n'   : lcd_gotoxy(1,2);        break; 
00D9:  MOVLW  01
00DA:  MOVWF  23
00DB:  MOVLW  02
00DC:  MOVWF  24
00DD:  CALL   0AC
00DE:  GOTO   0EA
....................      #endif 
....................       
....................       case '\b'   : lcd_send_byte(0,0x10);  break; 
00DF:  CLRF   27
00E0:  MOVLW  10
00E1:  MOVWF  28
00E2:  CALL   03E
00E3:  GOTO   0EA
....................       
....................      #if defined(LCD_EXTENDED_NEWLINE) 
....................       default     :  
....................          if (g_LcdX < LCD_LINE_LENGTH) 
....................          { 
....................             lcd_send_byte(1, c); 
....................             g_LcdX++; 
....................          } 
....................          break; 
....................      #else 
....................       default     : lcd_send_byte(1,c);     break; 
00E4:  MOVLW  01
00E5:  MOVWF  27
00E6:  MOVF   22,W
00E7:  MOVWF  28
00E8:  CALL   03E
00E9:  GOTO   0EA
....................      #endif 
....................    } 
.................... } 
00EA:  GOTO   0FF (RETURN)
....................   
.................... char lcd_getc(BYTE x, BYTE y) 
.................... { 
....................    char value; 
....................  
....................    lcd_gotoxy(x,y); 
....................    while ( bit_test(lcd_read_byte(),7) ); // wait until busy flag is low 
....................    lcd_output_rs(1); 
....................    value = lcd_read_byte(); 
....................    lcd_output_rs(0); 
....................     
....................    return(value); 
.................... } 
....................  
....................  
.................... void main() 
.................... { 
00EB:  CLRF   04
00EC:  BCF    03.7
00ED:  MOVLW  1F
00EE:  ANDWF  03,F
00EF:  MOVLW  07
00F0:  MOVWF  1F
....................    lcd_init();//ekranýmýzý kuruyoruz 
00F1:  GOTO   07E
....................    lcd_gotoxy(1,1);//1.satýrýn 1.karakterine gidiyoruz 
00F2:  MOVLW  01
00F3:  MOVWF  23
00F4:  MOVWF  24
00F5:  CALL   0AC
....................     
....................    lcd_putc("deneme");   
00F6:  CLRF   21
00F7:  MOVF   21,W
00F8:  CALL   00C
00F9:  IORLW  00
00FA:  BTFSC  03.2
00FB:  GOTO   100
00FC:  INCF   21,F
00FD:  MOVWF  22
00FE:  GOTO   0BE
00FF:  GOTO   0F7
....................     
....................    for(;;) {} //Sonsuz döngü 
0100:  GOTO   100
....................     
.................... } 
0101:  SLEEP

Configuration Fuses:
   Word  1: 3F30   NOWDT PUT NOPROTECT NOBROWNOUT MCLR NOLVP INTRC_IO NOCPD
